Archive member included to satisfy reference by file (symbol)

../pico-displayDrivs/st7735/libst7735.a(st7735.c.obj)
                              CMakeFiles/pico-rv32ima.dir/terminal.c.obj (LCD_setPins)
../pico-displayDrivs/gfx/libgfx.a(gfx.c.obj)
                              CMakeFiles/pico-rv32ima.dir/terminal.c.obj (GFX_getWidth)
../pico-ps2Driv/libps2.a(ps2.c.obj)
                              CMakeFiles/pico-rv32ima.dir/terminal.c.obj (PS2_keyAvailable)
/usr/lib/gcc/arm-none-eabi/9.2.1/thumb/v6-m/nofp/libgcc.a(_dvmd_tls.o)
                              CMakeFiles/pico-rv32ima.dir/home/codespace/raspberry-pi-pico/pico/pico-sdk/src/rp2_common/pico_divider/divider.S.obj (__aeabi_idiv0)
/usr/lib/gcc/arm-none-eabi/9.2.1/../../../arm-none-eabi/lib/thumb/v6-m/nofp/libc.a(lib_a-atexit.o)
                              /usr/lib/gcc/arm-none-eabi/9.2.1/../../../arm-none-eabi/lib/thumb/v6-m/nofp/crt0.o (atexit)
/usr/lib/gcc/arm-none-eabi/9.2.1/../../../arm-none-eabi/lib/thumb/v6-m/nofp/libc.a(lib_a-atoi.o)
                              CMakeFiles/pico-rv32ima.dir/terminal.c.obj (atoi)
/usr/lib/gcc/arm-none-eabi/9.2.1/../../../arm-none-eabi/lib/thumb/v6-m/nofp/libc.a(lib_a-calloc.o)
                              CMakeFiles/pico-rv32ima.dir/home/codespace/raspberry-pi-pico/pico/pico-sdk/src/rp2_common/pico_malloc/pico_malloc.c.obj (calloc)
/usr/lib/gcc/arm-none-eabi/9.2.1/../../../arm-none-eabi/lib/thumb/v6-m/nofp/libc.a(lib_a-callocr.o)
                              /usr/lib/gcc/arm-none-eabi/9.2.1/../../../arm-none-eabi/lib/thumb/v6-m/nofp/libc.a(lib_a-calloc.o) (_calloc_r)
/usr/lib/gcc/arm-none-eabi/9.2.1/../../../arm-none-eabi/lib/thumb/v6-m/nofp/libc.a(lib_a-ctype_.o)
                              CMakeFiles/pico-rv32ima.dir/terminal.c.obj (_ctype_)
/usr/lib/gcc/arm-none-eabi/9.2.1/../../../arm-none-eabi/lib/thumb/v6-m/nofp/libc.a(lib_a-errno.o)
                              CMakeFiles/pico-rv32ima.dir/__/no-OS-FatFS-SD-SPI-RPi-Pico/src/source/ff_stdio.c.obj (__errno)
/usr/lib/gcc/arm-none-eabi/9.2.1/../../../arm-none-eabi/lib/thumb/v6-m/nofp/libc.a(lib_a-fini.o)
                              /usr/lib/gcc/arm-none-eabi/9.2.1/../../../arm-none-eabi/lib/thumb/v6-m/nofp/crt0.o (__libc_fini_array)
/usr/lib/gcc/arm-none-eabi/9.2.1/../../../arm-none-eabi/lib/thumb/v6-m/nofp/libc.a(lib_a-impure.o)
                              /usr/lib/gcc/arm-none-eabi/9.2.1/../../../arm-none-eabi/lib/thumb/v6-m/nofp/libc.a(lib_a-calloc.o) (_impure_ptr)
/usr/lib/gcc/arm-none-eabi/9.2.1/../../../arm-none-eabi/lib/thumb/v6-m/nofp/libc.a(lib_a-init.o)
                              /usr/lib/gcc/arm-none-eabi/9.2.1/../../../arm-none-eabi/lib/thumb/v6-m/nofp/crt0.o (__libc_init_array)
/usr/lib/gcc/arm-none-eabi/9.2.1/../../../arm-none-eabi/lib/thumb/v6-m/nofp/libc.a(lib_a-malloc.o)
                              CMakeFiles/pico-rv32ima.dir/home/codespace/raspberry-pi-pico/pico/pico-sdk/src/rp2_common/pico_malloc/pico_malloc.c.obj (malloc)
/usr/lib/gcc/arm-none-eabi/9.2.1/../../../arm-none-eabi/lib/thumb/v6-m/nofp/libc.a(lib_a-mallocr.o)
                              /usr/lib/gcc/arm-none-eabi/9.2.1/../../../arm-none-eabi/lib/thumb/v6-m/nofp/libc.a(lib_a-callocr.o) (_malloc_r)
/usr/lib/gcc/arm-none-eabi/9.2.1/../../../arm-none-eabi/lib/thumb/v6-m/nofp/libc.a(lib_a-memcmp.o)
                              CMakeFiles/pico-rv32ima.dir/__/no-OS-FatFS-SD-SPI-RPi-Pico/src/ff15/source/ff.c.obj (memcmp)
/usr/lib/gcc/arm-none-eabi/9.2.1/../../../arm-none-eabi/lib/thumb/v6-m/nofp/libc.a(lib_a-mktime.o)
                              CMakeFiles/pico-rv32ima.dir/__/no-OS-FatFS-SD-SPI-RPi-Pico/src/source/rtc.c.obj (mktime)
/usr/lib/gcc/arm-none-eabi/9.2.1/../../../arm-none-eabi/lib/thumb/v6-m/nofp/libc.a(lib_a-mlock.o)
                              /usr/lib/gcc/arm-none-eabi/9.2.1/../../../arm-none-eabi/lib/thumb/v6-m/nofp/libc.a(lib_a-mallocr.o) (__malloc_lock)
/usr/lib/gcc/arm-none-eabi/9.2.1/../../../arm-none-eabi/lib/thumb/v6-m/nofp/libc.a(lib_a-realloc.o)
                              CMakeFiles/pico-rv32ima.dir/home/codespace/raspberry-pi-pico/pico/pico-sdk/src/rp2_common/pico_malloc/pico_malloc.c.obj (realloc)
/usr/lib/gcc/arm-none-eabi/9.2.1/../../../arm-none-eabi/lib/thumb/v6-m/nofp/libc.a(lib_a-reallocr.o)
                              /usr/lib/gcc/arm-none-eabi/9.2.1/../../../arm-none-eabi/lib/thumb/v6-m/nofp/libc.a(lib_a-realloc.o) (_realloc_r)
/usr/lib/gcc/arm-none-eabi/9.2.1/../../../arm-none-eabi/lib/thumb/v6-m/nofp/libc.a(lib_a-sbrkr.o)
                              /usr/lib/gcc/arm-none-eabi/9.2.1/../../../arm-none-eabi/lib/thumb/v6-m/nofp/libc.a(lib_a-mallocr.o) (_sbrk_r)
/usr/lib/gcc/arm-none-eabi/9.2.1/../../../arm-none-eabi/lib/thumb/v6-m/nofp/libc.a(lib_a-strchr.o)
                              CMakeFiles/pico-rv32ima.dir/__/no-OS-FatFS-SD-SPI-RPi-Pico/src/ff15/source/ff.c.obj (strchr)
/usr/lib/gcc/arm-none-eabi/9.2.1/../../../arm-none-eabi/lib/thumb/v6-m/nofp/libc.a(lib_a-strcmp.o)
[...]
Memory Configuration

Name             Origin             Length             Attributes
FLASH            0x0000000010000000 0x0000000000200000 xr
RAM              0x0000000020000000 0x0000000000040000 xrw
SCRATCH_X        0x0000000020040000 0x0000000000001000 xrw
SCRATCH_Y        0x0000000020041000 0x0000000000001000 xrw
*default*        0x0000000000000000 0xffffffffffffffff

Linker script and memory map

LOAD /usr/lib/gcc/arm-none-eabi/9.2.1/thumb/v6-m/nofp/crti.o
LOAD /usr/lib/gcc/arm-none-eabi/9.2.1/thumb/v6-m/nofp/crtbegin.o
LOAD /usr/lib/gcc/arm-none-eabi/9.2.1/../../../arm-none-eabi/lib/thumb/v6-m/nofp/crt0.o

.flash_begin    0x0000000010000000        0x0
                0x0000000010000000                __flash_binary_start = .

.boot2          0x0000000010000000      0x100
                0x0000000010000000                __boot2_start__ = .
 *(.boot2)
 .boot2         0x0000000010000000      0x100 /tmp/ccm0Slxx.o
                0x0000000010000100                __boot2_end__ = .
                0x0000000000000001                ASSERT (((__boot2_end__ - __boot2_start__) == 0x100), ERROR: Pico second stage bootloader must be 256 bytes in size)

.flashtext      0x0000000010000100      0x1d8
                0x0000000010000100                __logical_binary_start = .
 *(.vectors)
 .vectors       0x0000000010000100       0xd4 CMakeFiles/pico-rv32ima.dir/home/codespace/raspberry-pi-pico/pico/pico-sdk/src/rp2_common/pico_standard_link/crt0.S.obj
                0x0000000010000100                __vectors
                0x0000000010000100                __VECTOR_TABLE
                0x00000000100001c0                isr_invalid
                0x00000000100001c0                __default_isrs_start
                0x00000000100001c2                NMI_Handler
                0x00000000100001c4                HardFault_Handler
                0x00000000100001c6                SVC_Handler
                0x00000000100001c8                PendSV_Handler
                0x00000000100001ca                SysTick_Handler
                0x00000000100001cc                TIMER_IRQ_1_Handler
                0x00000000100001cc                TIMER_IRQ_3_Handler
                0x00000000100001cc                isr_irq30
                0x00000000100001cc                UART0_IRQ_Handler
                0x00000000100001cc                __unhandled_user_irq
                0x00000000100001cc                IO_IRQ_BANK0_Handler
                0x00000000100001cc                PIO0_IRQ_0_Handler
                0x00000000100001cc                USBCTRL_IRQ_Handler
                0x00000000100001cc                SPI1_IRQ_Handler
                0x00000000100001cc                isr_irq27
                0x00000000100001cc                isr_irq31
                0x00000000100001cc                PIO1_IRQ_1_Handler
                0x00000000100001cc                DMA_IRQ_1_Handler
                0x00000000100001cc                I2C1_IRQ_Handler
                0x00000000100001cc                SPI0_IRQ_Handler
                0x00000000100001cc                isr_irq28
                0x00000000100001cc                PIO0_IRQ_1_Handler
                0x00000000100001cc                I2C0_IRQ_Handler
                0x00000000100001cc                SIO_IRQ_PROC1_Handler
                0x00000000100001cc                TIMER_IRQ_0_Handler
                0x00000000100001cc                UART1_IRQ_Handler
                0x00000000100001cc                DMA_IRQ_0_Handler
                0x00000000100001cc                RTC_IRQ_Handler
                0x00000000100001cc                TIMER_IRQ_2_Handler
                0x00000000100001cc                CLOCKS_IRQ_Handler
                0x00000000100001cc                PIO1_IRQ_0_Handler
                0x00000000100001cc                ADC_IRQ_FIFO_Handler
                0x00000000100001cc                IO_IRQ_QSPI_Handler
                0x00000000100001cc                SIO_IRQ_PROC0_Handler
                0x00000000100001cc                XIP_IRQ_Handler
                0x00000000100001cc                isr_irq29
                0x00000000100001cc                isr_irq26
                0x00000000100001cc                __default_isrs_end
                0x00000000100001cc                PWM_IRQ_WRAP_Handler
                0x00000000100001d2                unhandled_user_irq_num_in_r0
 *(.binary_info_header)
 .binary_info_header
                0x00000000100001d4       0x14 CMakeFiles/pico-rv32ima.dir/home/codespace/raspberry-pi-pico/pico/pico-sdk/src/rp2_common/pico_standard_link/crt0.S.obj
                0x00000000100001e8                __binary_info_header_end = .
 *(.reset)
 .reset         0x00000000100001e8       0xac CMakeFiles/pico-rv32ima.dir/home/codespace/raspberry-pi-pico/pico/pico-sdk/src/rp2_common/pico_standard_link/crt0.S.obj
                0x00000000100001e8                _entry_point
 *fill*         0x0000000010000294        0x4 
 .reset.__stub  0x0000000010000298       0x10 linker stubs
 .reset         0x00000000100002a8       0x30 CMakeFiles/pico-rv32ima.dir/home/codespace/raspberry-pi-pico/pico/pico-sdk/src/rp2_common/pico_standard_link/binary_info.c.obj

.rodata         0x00000000100002d8        0x0
 *(SORT_BY_ALIGNMENT(SORT_BY_NAME(.flashdata*)))
                0x00000000100002d8                . = ALIGN (0x4)

.ARM.extab
 *(.ARM.extab* .gnu.linkonce.armextab.*)
                0x00000000100002d8                __exidx_start = .

.ARM.exidx
 *(.ARM.exidx* .gnu.linkonce.armexidx.*)
                0x00000000100002d8                __exidx_end = .
                0x00000000100002d8                . = ALIGN (0x4)
                0x00000000100002d8                __binary_info_start = .

.binary_info    0x00000000100002d8       0x24
 *(.binary_info.keep.*)
 .binary_info.keep.__bi_ptr22
                0x00000000100002d8        0x4 CMakeFiles/pico-rv32ima.dir/home/codespace/raspberry-pi-pico/pico/pico-sdk/src/rp2_common/pico_standard_link/binary_info.c.obj
 .binary_info.keep.__bi_ptr30
                0x00000000100002dc        0x4 CMakeFiles/pico-rv32ima.dir/home/codespace/raspberry-pi-pico/pico/pico-sdk/src/rp2_common/pico_standard_link/binary_info.c.obj
 .binary_info.keep.__bi_ptr38
                0x00000000100002e0        0x4 CMakeFiles/pico-rv32ima.dir/home/codespace/raspberry-pi-pico/pico/pico-sdk/src/rp2_common/pico_standard_link/binary_info.c.obj
 .binary_info.keep.__bi_ptr44
                0x00000000100002e4        0x4 CMakeFiles/pico-rv32ima.dir/home/codespace/raspberry-pi-pico/pico/pico-sdk/src/rp2_common/pico_standard_link/binary_info.c.obj
 .binary_info.keep.__bi_ptr50
                0x00000000100002e8        0x4 CMakeFiles/pico-rv32ima.dir/home/codespace/raspberry-pi-pico/pico/pico-sdk/src/rp2_common/pico_standard_link/binary_info.c.obj
 .binary_info.keep.__bi_ptr75
                0x00000000100002ec        0x4 CMakeFiles/pico-rv32ima.dir/home/codespace/raspberry-pi-pico/pico/pico-sdk/src/rp2_common/pico_standard_link/binary_info.c.obj
 .binary_info.keep.__bi_ptr81
                0x00000000100002f0        0x4 CMakeFiles/pico-rv32ima.dir/home/codespace/raspberry-pi-pico/pico/pico-sdk/src/rp2_common/pico_standard_link/binary_info.c.obj
 .binary_info.keep.__bi_ptr142
                0x00000000100002f4        0x4 CMakeFiles/pico-rv32ima.dir/home/codespace/raspberry-pi-pico/pico/pico-sdk/lib/tinyusb/hw/bsp/rp2040/family.c.obj
 .binary_info.keep.__bi_ptr152
                0x00000000100002f8        0x4 CMakeFiles/pico-rv32ima.dir/home/codespace/raspberry-pi-pico/pico/pico-sdk/lib/tinyusb/hw/bsp/rp2040/family.c.obj
 *(.binary_info.*)
                0x00000000100002fc                __binary_info_end = .
                0x00000000100002fc                . = ALIGN (0x4)

.ram_vector_table
                0x0000000020000000       0xc0
 *(.ram_vector_table)
 .ram_vector_table
                0x0000000020000000       0xc0 CMakeFiles/pico-rv32ima.dir/home/codespace/raspberry-pi-pico/pico/pico-sdk/src/rp2_common/pico_runtime/runtime.c.obj
                0x0000000020000000                ram_vector_table

.text           0x00000000200000c0    0x16a90 load address 0x00000000100002fc
                0x00000000200000c0                __ram_text_start__ = .
 *(.init)
 .init          0x00000000200000c0        0x4 /usr/lib/gcc/arm-none-eabi/9.2.1/thumb/v6-m/nofp/crti.o
                0x00000000200000c0                _init
 *(.text*)
 .text          0x00000000200000c4       0x98 /usr/lib/gcc/arm-none-eabi/9.2.1/thumb/v6-m/nofp/crtbegin.o
 .text.core1_entry
                0x000000002000015c       0x54 CMakeFiles/pico-rv32ima.dir/main.c.obj
                0x000000002000015c                core1_entry
 .text.startup.main
                0x00000000200001b0       0x74 CMakeFiles/pico-rv32ima.dir/main.c.obj
                0x00000000200001b0                main
 .text.sd_get_num
                0x0000000020000224        0x4 CMakeFiles/pico-rv32ima.dir/sd_hw_config.c.obj
                0x0000000020000224                sd_get_num
 .text.sd_get_by_num
                0x0000000020000228       0x20 CMakeFiles/pico-rv32ima.dir/sd_hw_config.c.obj
                0x0000000020000228                sd_get_by_num
 .text.spi_get_num
                0x0000000020000248        0x4 CMakeFiles/pico-rv32ima.dir/sd_hw_config.c.obj
                0x0000000020000248                spi_get_num
 .text.spi_get_by_num
                0x000000002000024c       0x14 CMakeFiles/pico-rv32ima.dir/sd_hw_config.c.obj
                0x000000002000024c                spi_get_by_num
 .text.psramReadID
                0x0000000020000260      0x498 CMakeFiles/pico-rv32ima.dir/psram.c.obj
                0x0000000020000260                psramReadID
 .text.initPSRAM
                0x00000000200006f8      0x1e8 CMakeFiles/pico-rv32ima.dir/psram.c.obj
                0x00000000200006f8                initPSRAM
 .text.accessPSRAM
                0x00000000200008e0      0x2dc CMakeFiles/pico-rv32ima.dir/psram.c.obj
                0x00000000200008e0                accessPSRAM
 .text.cache_write
                0x0000000020000bbc      0x144 CMakeFiles/pico-rv32ima.dir/cache.c.obj
                0x0000000020000bbc                cache_write
 .text.cache_read
                0x0000000020000d00      0x134 CMakeFiles/pico-rv32ima.dir/cache.c.obj
                0x0000000020000d00                cache_read
 .text.loadFileIntoRAM
                0x0000000020000e34       0xb4 CMakeFiles/pico-rv32ima.dir/emulator.c.obj
                0x0000000020000e34                loadFileIntoRAM
 .text.rvEmulator
                0x0000000020000ee8      0xe4c CMakeFiles/pico-rv32ima.dir/emulator.c.obj
                0x0000000020000ee8                rvEmulator
 .text.tud_descriptor_device_cb
                0x0000000020001d34        0x8 CMakeFiles/pico-rv32ima.dir/usb_descriptors.c.obj
                0x0000000020001d34                tud_descriptor_device_cb
 .text.tud_descriptor_configuration_cb
                0x0000000020001d3c        0x8 CMakeFiles/pico-rv32ima.dir/usb_descriptors.c.obj
                0x0000000020001d3c                tud_descriptor_configuration_cb
 .text.tud_descriptor_string_cb
                0x0000000020001d44       0x7c CMakeFiles/pico-rv32ima.dir/usb_descriptors.c.obj
                0x0000000020001d44                tud_descriptor_string_cb
 .text.console_init
                0x0000000020001dc0       0x34 CMakeFiles/pico-rv32ima.dir/console.c.obj
                0x0000000020001dc0                console_init
 .text.ser_console_task
                0x0000000020001df4       0xbc CMakeFiles/pico-rv32ima.dir/console.c.obj
                0x0000000020001df4                ser_console_task
 .text.console_task
                0x0000000020001eb0       0x18 CMakeFiles/pico-rv32ima.dir/console.c.obj
                0x0000000020001eb0                console_task
 .text.console_putc
                0x0000000020001ec8       0x28 CMakeFiles/pico-rv32ima.dir/console.c.obj
                0x0000000020001ec8                console_putc
 .text.console_puts
                0x0000000020001ef0       0x44 CMakeFiles/pico-rv32ima.dir/console.c.obj
                0x0000000020001ef0                console_puts
 .text.console_printf
                0x0000000020001f34       0x58 CMakeFiles/pico-rv32ima.dir/console.c.obj
                0x0000000020001f34                console_printf
 .text.console_panic
                0x0000000020001f8c       0x2c CMakeFiles/pico-rv32ima.dir/console.c.obj
                0x0000000020001f8c                console_panic
 .text.initLCDTerm
                0x0000000020001fb8       0x88 CMakeFiles/pico-rv32ima.dir/terminal.c.obj
                0x0000000020001fb8                initLCDTerm
 .text.termPrintChar
                0x0000000020002040       0xc8 CMakeFiles/pico-rv32ima.dir/terminal.c.obj
                0x0000000020002040                termPrintChar
 .text.runCSI   0x0000000020002108      0x17c CMakeFiles/pico-rv32ima.dir/terminal.c.obj
                0x0000000020002108                runCSI
 .text.parseCSI
                0x0000000020002284       0x6c CMakeFiles/pico-rv32ima.dir/terminal.c.obj
                0x0000000020002284                parseCSI
 .text.vt100Emu
                0x00000000200022f0       0xe0 CMakeFiles/pico-rv32ima.dir/terminal.c.obj
                0x00000000200022f0                vt100Emu
 .text.handlePs2Keyboard
                0x00000000200023d0       0xe4 CMakeFiles/pico-rv32ima.dir/terminal.c.obj
                0x00000000200023d0                handlePs2Keyboard
 .text.terminal_task
                0x00000000200024b4      0x15c CMakeFiles/pico-rv32ima.dir/terminal.c.obj
                0x00000000200024b4                terminal_task
 .text.set_sys_clock_pll
                0x0000000020002610       0x78 CMakeFiles/pico-rv32ima.dir/home/codespace/raspberry-pi-pico/pico/pico-sdk/src/rp2_common/pico_stdlib/stdlib.c.obj
                0x0000000020002610                set_sys_clock_pll
 .text.check_sys_clock_khz
                0x0000000020002688      0x16c CMakeFiles/pico-rv32ima.dir/home/codespace/raspberry-pi-pico/pico/pico-sdk/src/rp2_common/pico_stdlib/stdlib.c.obj
                0x0000000020002688                check_sys_clock_khz
 .text.gpio_default_irq_handler
                0x00000000200027f4      0x248 CMakeFiles/pico-rv32ima.dir/home/codespace/raspberry-pi-pico/pico/pico-sdk/src/rp2_common/hardware_gpio/gpio.c.obj
 .text.gpio_set_function
                0x0000000020002a3c       0x30 CMakeFiles/pico-rv32ima.dir/home/codespace/raspberry-pi-pico/pico/pico-sdk/src/rp2_common/hardware_gpio/gpio.c.obj
                0x0000000020002a3c                gpio_set_function
 .text.gpio_set_pulls
                0x0000000020002a6c       0x30 CMakeFiles/pico-rv32ima.dir/home/codespace/raspberry-pi-pico/pico/pico-sdk/src/rp2_common/hardware_gpio/gpio.c.obj
                0x0000000020002a6c                gpio_set_pulls
 .text.gpio_set_drive_strength
                0x0000000020002a9c       0x20 CMakeFiles/pico-rv32ima.dir/home/codespace/raspberry-pi-pico/pico/pico-sdk/src/rp2_common/hardware_gpio/gpio.c.obj
                0x0000000020002a9c                gpio_set_drive_strength
 .text.gpio_set_irq_enabled_with_callback
                0x0000000020002abc       0xb0 CMakeFiles/pico-rv32ima.dir/home/codespace/raspberry-pi-pico/pico/pico-sdk/src/rp2_common/hardware_gpio/gpio.c.obj
                0x0000000020002abc                gpio_set_irq_enabled_with_callback
 .text.gpio_init
                0x0000000020002b6c       0x3c CMakeFiles/pico-rv32ima.dir/home/codespace/raspberry-pi-pico/pico/pico-sdk/src/rp2_common/hardware_gpio/gpio.c.obj
                0x0000000020002b6c                gpio_init
 .text.running_on_fpga
                0x0000000020002ba8       0x10 CMakeFiles/pico-rv32ima.dir/home/codespace/raspberry-pi-pico/pico/pico-sdk/src/rp2_common/pico_platform/platform.c.obj
                0x0000000020002ba8                running_on_fpga
 .text.hw_claim_lock
                0x0000000020002bb8       0x18 CMakeFiles/pico-rv32ima.dir/home/codespace/raspberry-pi-pico/pico/pico-sdk/src/rp2_common/hardware_claim/claim.c.obj
                0x0000000020002bb8                hw_claim_lock
 .text.hw_claim_unlock
                0x0000000020002bd0       0x14 CMakeFiles/pico-rv32ima.dir/home/codespace/raspberry-pi-pico/pico/pico-sdk/src/rp2_common/hardware_claim/claim.c.obj
                0x0000000020002bd0                hw_claim_unlock
 .text.hw_claim_or_assert
                0x0000000020002be4       0x48 CMakeFiles/pico-rv32ima.dir/home/codespace/raspberry-pi-pico/pico/pico-sdk/src/rp2_common/hardware_claim/claim.c.obj
                0x0000000020002be4                hw_claim_or_assert
 .text.hw_claim_unused_from_range
                0x0000000020002c2c       0x9c CMakeFiles/pico-rv32ima.dir/home/codespace/raspberry-pi-pico/pico/pico-sdk/src/rp2_common/hardware_claim/claim.c.obj
                0x0000000020002c2c                hw_claim_unused_from_range
 .text.spin_locks_reset
                0x0000000020002cc8       0x1c CMakeFiles/pico-rv32ima.dir/home/codespace/raspberry-pi-pico/pico/pico-sdk/src/rp2_common/hardware_sync/sync.c.obj
                0x0000000020002cc8                spin_locks_reset
 .text.next_striped_spin_lock_num
                0x0000000020002ce4       0x18 CMakeFiles/pico-rv32ima.dir/home/codespace/raspberry-pi-pico/pico/pico-sdk/src/rp2_common/hardware_sync/sync.c.obj
                0x0000000020002ce4                next_striped_spin_lock_num
 .text.spin_lock_claim_unused
                0x0000000020002cfc       0x20 CMakeFiles/pico-rv32ima.dir/home/codespace/raspberry-pi-pico/pico/pico-sdk/src/rp2_common/hardware_sync/sync.c.obj
                0x0000000020002cfc                spin_lock_claim_unused
 .text.irq_set_enabled
                0x0000000020002d1c       0x24 CMakeFiles/pico-rv32ima.dir/home/codespace/raspberry-pi-pico/pico/pico-sdk/src/rp2_common/hardware_irq/irq.c.obj
                0x0000000020002d1c                irq_set_enabled
 .text.irq_is_enabled
                0x0000000020002d40       0x18 CMakeFiles/pico-rv32ima.dir/home/codespace/raspberry-pi-pico/pico/pico-sdk/src/rp2_common/hardware_irq/irq.c.obj
                0x0000000020002d40                irq_is_enabled
 .text.irq_get_vtable_handler
                0x0000000020002d58       0x10 CMakeFiles/pico-rv32ima.dir/home/codespace/raspberry-pi-pico/pico/pico-sdk/src/rp2_common/hardware_irq/irq.c.obj
                0x0000000020002d58                irq_get_vtable_handler
 .text.irq_set_exclusive_handler
                0x0000000020002d68       0x54 CMakeFiles/pico-rv32ima.dir/home/codespace/raspberry-pi-pico/pico/pico-sdk/src/rp2_common/hardware_irq/irq.c.obj
                0x0000000020002d68                irq_set_exclusive_handler
 .text.irq_add_shared_handler
                0x0000000020002dbc      0x1c0 CMakeFiles/pico-rv32ima.dir/home/codespace/raspberry-pi-pico/pico/pico-sdk/src/rp2_common/hardware_irq/irq.c.obj
                0x0000000020002dbc                irq_add_shared_handler
 .text.irq_remove_handler
                0x0000000020002f7c      0x1b4 CMakeFiles/pico-rv32ima.dir/home/codespace/raspberry-pi-pico/pico/pico-sdk/src/rp2_common/hardware_irq/irq.c.obj
                0x0000000020002f7c                irq_remove_handler
 .text.irq_add_tail_to_free_list
                0x0000000020003130       0xe4 CMakeFiles/pico-rv32ima.dir/home/codespace/raspberry-pi-pico/pico/pico-sdk/src/rp2_common/hardware_irq/irq.c.obj
                0x0000000020003130                irq_add_tail_to_free_list
 .text.irq_init_priorities
                0x0000000020003214       0x24 CMakeFiles/pico-rv32ima.dir/home/codespace/raspberry-pi-pico/pico/pico-sdk/src/rp2_common/hardware_irq/irq.c.obj
                0x0000000020003214                irq_init_priorities
 .text.sem_init
                0x0000000020003238       0x20 CMakeFiles/pico-rv32ima.dir/home/codespace/raspberry-pi-pico/pico/pico-sdk/src/common/pico_sync/sem.c.obj
                0x0000000020003238                sem_init
 .text.lock_init
                0x0000000020003258       0x10 CMakeFiles/pico-rv32ima.dir/home/codespace/raspberry-pi-pico/pico/pico-sdk/src/common/pico_sync/lock_core.c.obj
                0x0000000020003258                lock_init
 .text.mutex_init
                0x0000000020003268       0x1c CMakeFiles/pico-rv32ima.dir/home/codespace/raspberry-pi-pico/pico/pico-sdk/src/common/pico_sync/mutex.c.obj
                0x0000000020003268                mutex_init
 .text.recursive_mutex_init
                0x0000000020003284       0x1c CMakeFiles/pico-rv32ima.dir/home/codespace/raspberry-pi-pico/pico/pico-sdk/src/common/pico_sync/mutex.c.obj
                0x0000000020003284                recursive_mutex_init
 .text.critical_section_init
                0x00000000200032a0       0x1c CMakeFiles/pico-rv32ima.dir/home/codespace/raspberry-pi-pico/pico/pico-sdk/src/common/pico_sync/critical_section.c.obj
                0x00000000200032a0                critical_section_init
 .text.timer_pool_entry_comparator
                0x00000000200032bc       0x34 CMakeFiles/pico-rv32ima.dir/home/codespace/raspberry-pi-pico/pico/pico-sdk/src/common/pico_time/time.c.obj
                0x00000000200032bc                timer_pool_entry_comparator
 .text.sleep_until_callback
                0x00000000200032f0       0x30 CMakeFiles/pico-rv32ima.dir/home/codespace/raspberry-pi-pico/pico/pico-sdk/src/common/pico_time/time.c.obj
 .text.add_alarm_under_lock
                0x0000000020003320      0x108 CMakeFiles/pico-rv32ima.dir/home/codespace/raspberry-pi-pico/pico/pico-sdk/src/common/pico_time/time.c.obj
 .text.alarm_pool_alarm_callback
                0x0000000020003428      0x1b8 CMakeFiles/pico-rv32ima.dir/home/codespace/raspberry-pi-pico/pico/pico-sdk/src/common/pico_time/time.c.obj
 .text.alarm_pool_init_default
                0x00000000200035e0       0x6c CMakeFiles/pico-rv32ima.dir/home/codespace/raspberry-pi-pico/pico/pico-sdk/src/common/pico_time/time.c.obj
                0x00000000200035e0                alarm_pool_init_default
 .text.alarm_pool_add_alarm_at
                0x000000002000364c      0x190 CMakeFiles/pico-rv32ima.dir/home/codespace/raspberry-pi-pico/pico/pico-sdk/src/common/pico_time/time.c.obj
                0x000000002000364c                alarm_pool_add_alarm_at
 .text.alarm_pool_cancel_alarm
                0x00000000200037dc       0x70 CMakeFiles/pico-rv32ima.dir/home/codespace/raspberry-pi-pico/pico/pico-sdk/src/common/pico_time/time.c.obj
                0x00000000200037dc                alarm_pool_cancel_alarm
 .text.sleep_until
                0x000000002000384c       0xc4 CMakeFiles/pico-rv32ima.dir/home/codespace/raspberry-pi-pico/pico/pico-sdk/src/common/pico_time/time.c.obj
                0x000000002000384c                sleep_until
 .text.sleep_us
                0x0000000020003910       0x24 CMakeFiles/pico-rv32ima.dir/home/codespace/raspberry-pi-pico/pico/pico-sdk/src/common/pico_time/time.c.obj
                0x0000000020003910                sleep_us
 .text.sleep_ms
                0x0000000020003934       0x34 CMakeFiles/pico-rv32ima.dir/home/codespace/raspberry-pi-pico/pico/pico-sdk/src/common/pico_time/time.c.obj
                0x0000000020003934                sleep_ms
 .text.best_effort_wfe_or_timeout
                0x0000000020003968       0x60 CMakeFiles/pico-rv32ima.dir/home/codespace/raspberry-pi-pico/pico/pico-sdk/src/common/pico_time/time.c.obj
                0x0000000020003968                best_effort_wfe_or_timeout
 .text.hardware_alarm_irq_handler
                0x00000000200039c8       0xbc CMakeFiles/pico-rv32ima.dir/home/codespace/raspberry-pi-pico/pico/pico-sdk/src/rp2_common/hardware_timer/timer.c.obj
 .text.hardware_alarm_claim
                0x0000000020003a84       0x18 CMakeFiles/pico-rv32ima.dir/home/codespace/raspberry-pi-pico/pico/pico-sdk/src/rp2_common/hardware_timer/timer.c.obj
                0x0000000020003a84                hardware_alarm_claim
 .text.time_us_64
                0x0000000020003a9c       0x14 CMakeFiles/pico-rv32ima.dir/home/codespace/raspberry-pi-pico/pico/pico-sdk/src/rp2_common/hardware_timer/timer.c.obj
                0x0000000020003a9c                time_us_64
 .text.busy_wait_us
                0x0000000020003ab0       0x54 CMakeFiles/pico-rv32ima.dir/home/codespace/raspberry-pi-pico/pico/pico-sdk/src/rp2_common/hardware_timer/timer.c.obj
                0x0000000020003ab0                busy_wait_us
 .text.busy_wait_until
                0x0000000020003b04       0x20 CMakeFiles/pico-rv32ima.dir/home/codespace/raspberry-pi-pico/pico/pico-sdk/src/rp2_common/hardware_timer/timer.c.obj
                0x0000000020003b04                busy_wait_until
 .text.hardware_alarm_set_callback
                0x0000000020003b24       0x8c CMakeFiles/pico-rv32ima.dir/home/codespace/raspberry-pi-pico/pico/pico-sdk/src/rp2_common/hardware_timer/timer.c.obj
                0x0000000020003b24                hardware_alarm_set_callback
 .text.hardware_alarm_set_target
                0x0000000020003bb0       0xe4 CMakeFiles/pico-rv32ima.dir/home/codespace/raspberry-pi-pico/pico/pico-sdk/src/rp2_common/hardware_timer/timer.c.obj
                0x0000000020003bb0                hardware_alarm_set_target
 .text.hardware_alarm_cancel
                0x0000000020003c94       0x40 CMakeFiles/pico-rv32ima.dir/home/codespace/raspberry-pi-pico/pico/pico-sdk/src/rp2_common/hardware_timer/timer.c.obj
                0x0000000020003c94                hardware_alarm_cancel
 .text.ph_merge_nodes
                0x0000000020003cd4       0x68 CMakeFiles/pico-rv32ima.dir/home/codespace/raspberry-pi-pico/pico/pico-sdk/src/common/pico_util/pheap.c.obj
 .text.ph_post_alloc_init
                0x0000000020003d3c       0x3c CMakeFiles/pico-rv32ima.dir/home/codespace/raspberry-pi-pico/pico/pico-sdk/src/common/pico_util/pheap.c.obj
                0x0000000020003d3c                ph_post_alloc_init
 .text.ph_merge_two_pass
                0x0000000020003d78       0x90 CMakeFiles/pico-rv32ima.dir/home/codespace/raspberry-pi-pico/pico/pico-sdk/src/common/pico_util/pheap.c.obj
                0x0000000020003d78                ph_merge_two_pass
 .text.ph_remove_any_head
                0x0000000020003e08      0x100 CMakeFiles/pico-rv32ima.dir/home/codespace/raspberry-pi-pico/pico/pico-sdk/src/common/pico_util/pheap.c.obj
 .text.ph_remove_head
                0x0000000020003f08      0x144 CMakeFiles/pico-rv32ima.dir/home/codespace/raspberry-pi-pico/pico/pico-sdk/src/common/pico_util/pheap.c.obj
                0x0000000020003f08                ph_remove_head
 .text.ph_remove_and_free_node
                0x000000002000404c       0x7c CMakeFiles/pico-rv32ima.dir/home/codespace/raspberry-pi-pico/pico/pico-sdk/src/common/pico_util/pheap.c.obj
                0x000000002000404c                ph_remove_and_free_node
 .text.queue_init_with_spinlock
                0x00000000200040c8       0x24 CMakeFiles/pico-rv32ima.dir/home/codespace/raspberry-pi-pico/pico/pico-sdk/src/common/pico_util/queue.c.obj
                0x00000000200040c8                queue_init_with_spinlock
 .text.queue_try_add
                0x00000000200040ec       0x70 CMakeFiles/pico-rv32ima.dir/home/codespace/raspberry-pi-pico/pico/pico-sdk/src/common/pico_util/queue.c.obj
                0x00000000200040ec                queue_try_add
 .text.queue_try_remove
                0x000000002000415c       0x70 CMakeFiles/pico-rv32ima.dir/home/codespace/raspberry-pi-pico/pico/pico-sdk/src/common/pico_util/queue.c.obj
                0x000000002000415c                queue_try_remove
 .text.queue_add_blocking
                0x00000000200041cc       0x74 CMakeFiles/pico-rv32ima.dir/home/codespace/raspberry-pi-pico/pico/pico-sdk/src/common/pico_util/queue.c.obj
                0x00000000200041cc                queue_add_blocking
 .text.queue_remove_blocking
                0x0000000020004240       0x74 CMakeFiles/pico-rv32ima.dir/home/codespace/raspberry-pi-pico/pico/pico-sdk/src/common/pico_util/queue.c.obj
                0x0000000020004240                queue_remove_blocking
 .text.queue_peek_blocking
                0x00000000200042b4       0x60 CMakeFiles/pico-rv32ima.dir/home/codespace/raspberry-pi-pico/pico/pico-sdk/src/common/pico_util/queue.c.obj
                0x00000000200042b4                queue_peek_blocking
 .text.clock_configure
                0x0000000020004314      0x114 CMakeFiles/pico-rv32ima.dir/home/codespace/raspberry-pi-pico/pico/pico-sdk/src/rp2_common/hardware_clocks/clocks.c.obj
                0x0000000020004314                clock_configure
 .text.clocks_init
                0x0000000020004428      0x2bc CMakeFiles/pico-rv32ima.dir/home/codespace/raspberry-pi-pico/pico/pico-sdk/src/rp2_common/hardware_clocks/clocks.c.obj
                0x0000000020004428                clocks_init
 .text.clock_get_hz
                0x00000000200046e4        0xc CMakeFiles/pico-rv32ima.dir/home/codespace/raspberry-pi-pico/pico/pico-sdk/src/rp2_common/hardware_clocks/clocks.c.obj
                0x00000000200046e4                clock_get_hz
 .text.pll_init
                0x00000000200046f0       0xa8 CMakeFiles/pico-rv32ima.dir/home/codespace/raspberry-pi-pico/pico/pico-sdk/src/rp2_common/hardware_pll/pll.c.obj
                0x00000000200046f0                pll_init
 .text.vreg_set_voltage
                0x0000000020004798       0x1c CMakeFiles/pico-rv32ima.dir/home/codespace/raspberry-pi-pico/pico/pico-sdk/src/rp2_common/hardware_vreg/vreg.c.obj
                0x0000000020004798                vreg_set_voltage
 .text.watchdog_start_tick
                0x00000000200047b4       0x10 CMakeFiles/pico-rv32ima.dir/home/codespace/raspberry-pi-pico/pico/pico-sdk/src/rp2_common/hardware_watchdog/watchdog.c.obj
                0x00000000200047b4                watchdog_start_tick
 .text.xosc_init
                0x00000000200047c4       0x28 CMakeFiles/pico-rv32ima.dir/home/codespace/raspberry-pi-pico/pico/pico-sdk/src/rp2_common/hardware_xosc/xosc.c.obj
                0x00000000200047c4                xosc_init
 .text.runtime_init
                0x00000000200047ec       0xf0 CMakeFiles/pico-rv32ima.dir/home/codespace/raspberry-pi-pico/pico/pico-sdk/src/rp2_common/pico_runtime/runtime.c.obj
                0x00000000200047ec                runtime_init
 .text._exit    0x00000000200048dc        0x4 CMakeFiles/pico-rv32ima.dir/home/codespace/raspberry-pi-pico/pico/pico-sdk/src/rp2_common/pico_runtime/runtime.c.obj
                0x00000000200048dc                _exit
 .text._sbrk    0x00000000200048e0       0x34 CMakeFiles/pico-rv32ima.dir/home/codespace/raspberry-pi-pico/pico/pico-sdk/src/rp2_common/pico_runtime/runtime.c.obj
                0x00000000200048e0                _sbrk
 .text.exit     0x0000000020004914        0x8 CMakeFiles/pico-rv32ima.dir/home/codespace/raspberry-pi-pico/pico/pico-sdk/src/rp2_common/pico_runtime/runtime.c.obj
                0x0000000020004914                exit
 .text.__assert_func
                0x000000002000491c       0x34 CMakeFiles/pico-rv32ima.dir/home/codespace/raspberry-pi-pico/pico/pico-sdk/src/rp2_common/pico_runtime/runtime.c.obj
                0x000000002000491c                __assert_func
 .text.panic    0x0000000020004950       0x30 CMakeFiles/pico-rv32ima.dir/home/codespace/raspberry-pi-pico/pico/pico-sdk/src/rp2_common/pico_runtime/runtime.c.obj
                0x0000000020004950                panic
 .text.hard_assertion_failure
                0x0000000020004980        0xc CMakeFiles/pico-rv32ima.dir/home/codespace/raspberry-pi-pico/pico/pico-sdk/src/rp2_common/pico_runtime/runtime.c.obj
                0x0000000020004980                hard_assertion_failure
 .text._out_char
                0x000000002000498c       0x10 CMakeFiles/pico-rv32ima.dir/home/codespace/raspberry-pi-pico/pico/pico-sdk/src/rp2_common/pico_printf/printf.c.obj
 .text.weak_raw_printf
                0x000000002000499c       0x40 CMakeFiles/pico-rv32ima.dir/home/codespace/raspberry-pi-pico/pico/pico-sdk/src/rp2_common/pico_printf/printf.c.obj
                0x000000002000499c                weak_raw_printf
 .text.weak_raw_vprintf
                0x00000000200049dc       0x30 CMakeFiles/pico-rv32ima.dir/home/codespace/raspberry-pi-pico/pico/pico-sdk/src/rp2_common/pico_printf/printf.c.obj
                0x00000000200049dc                weak_raw_vprintf
 .text          0x0000000020004a0c       0x10 CMakeFiles/pico-rv32ima.dir/home/codespace/raspberry-pi-pico/pico/pico-sdk/src/rp2_common/pico_bit_ops/bit_ops_aeabi.S.obj
 .text.rom_func_lookup
                0x0000000020004a1c       0x10 CMakeFiles/pico-rv32ima.dir/home/codespace/raspberry-pi-pico/pico/pico-sdk/src/rp2_common/pico_bootrom/bootrom.c.obj
                0x0000000020004a1c                rom_func_lookup
 .text.rom_data_lookup
                0x0000000020004a2c       0x10 CMakeFiles/pico-rv32ima.dir/home/codespace/raspberry-pi-pico/pico/pico-sdk/src/rp2_common/pico_bootrom/bootrom.c.obj
                0x0000000020004a2c                rom_data_lookup
 .text.rom_funcs_lookup
                0x0000000020004a3c       0x3c CMakeFiles/pico-rv32ima.dir/home/codespace/raspberry-pi-pico/pico/pico-sdk/src/rp2_common/pico_bootrom/bootrom.c.obj
                0x0000000020004a3c                rom_funcs_lookup
 .text.__wrap___aeabi_idiv
                0x0000000020004a78       0x50 CMakeFiles/pico-rv32ima.dir/home/codespace/raspberry-pi-pico/pico/pico-sdk/src/rp2_common/pico_divider/divider.S.obj
                0x0000000020004a78                __wrap___aeabi_idivmod
                0x0000000020004a78                divmod_s32s32
                0x0000000020004a78                div_s32s32
                0x0000000020004a78                __wrap___aeabi_idiv
                0x0000000020004a80                divmod_s32s32_unsafe
                0x0000000020004aac                divmod_s32s32_savestate
 .text.__wrap___aeabi_uidiv
                0x0000000020004ac8       0x4c CMakeFiles/pico-rv32ima.dir/home/codespace/raspberry-pi-pico/pico/pico-sdk/src/rp2_common/pico_divider/divider.S.obj
                0x0000000020004ac8                __wrap___aeabi_uidiv
                0x0000000020004ac8                __wrap___aeabi_uidivmod
                0x0000000020004ac8                div_u32u32
                0x0000000020004ac8                divmod_u32u32
                0x0000000020004ad0                divmod_u32u32_unsafe
                0x0000000020004af8                divmod_u32u32_savestate
 .text.__wrap___aeabi_ldiv
                0x0000000020004b14      0x424 CMakeFiles/pico-rv32ima.dir/home/codespace/raspberry-pi-pico/pico/pico-sdk/src/rp2_common/pico_divider/divider.S.obj
                0x0000000020004b14                div_s64s64
                0x0000000020004b14                divmod_s64s64
                0x0000000020004b14                __wrap___aeabi_ldivmod
                0x0000000020004b44                div_u64u64
                0x0000000020004b44                divmod_u64u64
                0x0000000020004b44                __wrap___aeabi_uldivmod
                0x0000000020004b54                divmod_u64u64_savestate
                0x0000000020004b74                divmod_s64s64_unsafe
                0x0000000020004bfc                divmod_u64u64_unsafe
 .text.__wrap___aeabi_darithmetic
                0x0000000020004f38       0x80 CMakeFiles/pico-rv32ima.dir/home/codespace/raspberry-pi-pico/pico/pico-sdk/src/rp2_common/pico_double/double_aeabi.S.obj
                0x0000000020004f38                __wrap___aeabi_drsub
                0x0000000020004f3e                __wrap___aeabi_dsub
                0x0000000020004f50                __wrap___aeabi_dadd
                0x0000000020004f62                __wrap___aeabi_ddiv
                0x0000000020004f9e                __wrap___aeabi_dmul
 .text.__wrap___aeabi_cdcmple
                0x0000000020004fb8       0x6c CMakeFiles/pico-rv32ima.dir/home/codespace/raspberry-pi-pico/pico/pico-sdk/src/rp2_common/pico_double/double_aeabi.S.obj
                0x0000000020004fb8                __wrap___aeabi_cdrcmple
                0x0000000020004fc8                __wrap___aeabi_cdcmple
                0x0000000020004fc8                __wrap___aeabi_cdcmpeq
 .text.__wrap___aeabi_dcmpeq
                0x0000000020005024       0x10 CMakeFiles/pico-rv32ima.dir/home/codespace/raspberry-pi-pico/pico/pico-sdk/src/rp2_common/pico_double/double_aeabi.S.obj
                0x0000000020005024                __wrap___aeabi_dcmpeq
 .text.__wrap___aeabi_dcmplt
                0x0000000020005034        0xc CMakeFiles/pico-rv32ima.dir/home/codespace/raspberry-pi-pico/pico/pico-sdk/src/rp2_common/pico_double/double_aeabi.S.obj
                0x0000000020005034                __wrap___aeabi_dcmplt
 .text.__wrap___aeabi_dcmple
                0x0000000020005040       0x10 CMakeFiles/pico-rv32ima.dir/home/codespace/raspberry-pi-pico/pico/pico-sdk/src/rp2_common/pico_double/double_aeabi.S.obj
                0x0000000020005040                __wrap___aeabi_dcmple
 .text.__wrap___aeabi_dcmpge
                0x0000000020005050       0x10 CMakeFiles/pico-rv32ima.dir/home/codespace/raspberry-pi-pico/pico/pico-sdk/src/rp2_common/pico_double/double_aeabi.S.obj
                0x0000000020005050                __wrap___aeabi_dcmpge
 .text.__wrap___aeabi_dcmpgt
                0x0000000020005060        0xa CMakeFiles/pico-rv32ima.dir/home/codespace/raspberry-pi-pico/pico/pico-sdk/src/rp2_common/pico_double/double_aeabi.S.obj
                0x0000000020005060                __wrap___aeabi_dcmpgt
 .text.__wrap___aeabi_dcmpun
                0x000000002000506a       0x1c CMakeFiles/pico-rv32ima.dir/home/codespace/raspberry-pi-pico/pico/pico-sdk/src/rp2_common/pico_double/double_aeabi.S.obj
                0x000000002000506a                __wrap___aeabi_dcmpun
 *fill*         0x0000000020005086        0x2 
 .text.__wrap___aeabi_i2d
                0x0000000020005088       0x38 CMakeFiles/pico-rv32ima.dir/home/codespace/raspberry-pi-pico/pico/pico-sdk/src/rp2_common/pico_double/double_aeabi.S.obj
                0x0000000020005088                __wrap___aeabi_ui2d
                0x0000000020005090                __wrap___aeabi_i2d
 .text.__wrap___aeabi_d2iz
                0x00000000200050c0       0x48 CMakeFiles/pico-rv32ima.dir/home/codespace/raspberry-pi-pico/pico/pico-sdk/src/rp2_common/pico_double/double_aeabi.S.obj
                0x00000000200050c0                __wrap___aeabi_d2iz
                0x00000000200050c0                double2int_z
 .text.__aeabi_double_init
                0x0000000020005108       0xc0 CMakeFiles/pico-rv32ima.dir/home/codespace/raspberry-pi-pico/pico/pico-sdk/src/rp2_common/pico_double/double_init_rom.c.obj
                0x0000000020005108                __aeabi_double_init
 .text.double_table_shim_on_use_helper
                0x00000000200051c8       0x2c CMakeFiles/pico-rv32ima.dir/home/codespace/raspberry-pi-pico/pico/pico-sdk/src/rp2_common/pico_double/double_v1_rom_shim.S.obj
                0x00000000200051c8                double_table_shim_on_use_helper
 .text.__wrap___aeabi_dsub
                0x00000000200051f4       0x10 CMakeFiles/pico-rv32ima.dir/home/codespace/raspberry-pi-pico/pico/pico-sdk/src/rp2_common/pico_double/double_v1_rom_shim.S.obj
                0x00000000200051f4                drsub_shim
                0x00000000200051fa                dsub_shim
 .text.dadd_shim
                0x0000000020005204      0x15c CMakeFiles/pico-rv32ima.dir/home/codespace/raspberry-pi-pico/pico/pico-sdk/src/rp2_common/pico_double/double_v1_rom_shim.S.obj
                0x0000000020005204                dadd_shim
 .text.dmul_shim
                0x0000000020005360      0x15c CMakeFiles/pico-rv32ima.dir/home/codespace/raspberry-pi-pico/pico/pico-sdk/src/rp2_common/pico_double/double_v1_rom_shim.S.obj
                0x0000000020005360                dmul_shim
 .text.ddiv_shim
                0x00000000200054bc      0x1b0 CMakeFiles/pico-rv32ima.dir/home/codespace/raspberry-pi-pico/pico/pico-sdk/src/rp2_common/pico_double/double_v1_rom_shim.S.obj
                0x00000000200054bc                ddiv_shim
 .text.__aeabi_lmul
                0x000000002000566c       0x32 CMakeFiles/pico-rv32ima.dir/home/codespace/raspberry-pi-pico/pico/pico-sdk/src/rp2_common/pico_int64_ops/pico_int64_ops_aeabi.S.obj
                0x000000002000566c                __wrap___aeabi_lmul
 *fill*         0x000000002000569e        0x2 
 .text.__aeabi_float_init
                0x00000000200056a0       0x64 CMakeFiles/pico-rv32ima.dir/home/codespace/raspberry-pi-pico/pico/pico-sdk/src/rp2_common/pico_float/float_init_rom.c.obj
                0x00000000200056a0                __aeabi_float_init
 .text.float_table_shim_on_use_helper
                0x0000000020005704       0x2c CMakeFiles/pico-rv32ima.dir/home/codespace/raspberry-pi-pico/pico/pico-sdk/src/rp2_common/pico_float/float_v1_rom_shim.S.obj
                0x0000000020005704                float_table_shim_on_use_helper
 .text.__wrap_malloc
                0x0000000020005730       0x3c CMakeFiles/pico-rv32ima.dir/home/codespace/raspberry-pi-pico/pico/pico-sdk/src/rp2_common/pico_malloc/pico_malloc.c.obj
                0x0000000020005730                __wrap_malloc
 .text.__wrap_calloc
                0x000000002000576c       0x40 CMakeFiles/pico-rv32ima.dir/home/codespace/raspberry-pi-pico/pico/pico-sdk/src/rp2_common/pico_malloc/pico_malloc.c.obj
                0x000000002000576c                __wrap_calloc
 .text.__wrap_free
                0x00000000200057ac       0x20 CMakeFiles/pico-rv32ima.dir/home/codespace/raspberry-pi-pico/pico/pico-sdk/src/rp2_common/pico_malloc/pico_malloc.c.obj
                0x00000000200057ac                __wrap_free
 .text          0x00000000200057cc       0x10 CMakeFiles/pico-rv32ima.dir/home/codespace/raspberry-pi-pico/pico/pico-sdk/src/rp2_common/pico_mem_ops/mem_ops_aeabi.S.obj
                0x00000000200057cc                __aeabi_mem_init
 .text.memset   0x00000000200057dc        0xc CMakeFiles/pico-rv32ima.dir/home/codespace/raspberry-pi-pico/pico/pico-sdk/src/rp2_common/pico_mem_ops/mem_ops_aeabi.S.obj
                0x00000000200057dc                __wrap_memset
 .text.memcpy   0x00000000200057e8        0xc CMakeFiles/pico-rv32ima.dir/home/codespace/raspberry-pi-pico/pico/pico-sdk/src/rp2_common/pico_mem_ops/mem_ops_aeabi.S.obj
                0x00000000200057e8                __wrap___aeabi_memcpy
                0x00000000200057e8                __wrap_memcpy
 .text.stdio_out_chars_no_crlf
                0x00000000200057f4       0x10 CMakeFiles/pico-rv32ima.dir/home/codespace/raspberry-pi-pico/pico/pico-sdk/src/rp2_common/pico_stdio/stdio.c.obj
 .text.stdio_out_chars_crlf
                0x0000000020005804       0x94 CMakeFiles/pico-rv32ima.dir/home/codespace/raspberry-pi-pico/pico/pico-sdk/src/rp2_common/pico_stdio/stdio.c.obj
 .text.stdio_put_string
                0x0000000020005898      0x104 CMakeFiles/pico-rv32ima.dir/home/codespace/raspberry-pi-pico/pico/pico-sdk/src/rp2_common/pico_stdio/stdio.c.obj
 .text.__wrap_putchar
                0x000000002000599c       0x98 CMakeFiles/pico-rv32ima.dir/home/codespace/raspberry-pi-pico/pico/pico-sdk/src/rp2_common/pico_stdio/stdio.c.obj
                0x000000002000599c                __wrap_putchar
 .text.__wrap_puts
                0x0000000020005a34       0x3c CMakeFiles/pico-rv32ima.dir/home/codespace/raspberry-pi-pico/pico/pico-sdk/src/rp2_common/pico_stdio/stdio.c.obj
                0x0000000020005a34                __wrap_puts
 .text.dir_clear
                0x0000000020005a70      0x1a8 CMakeFiles/pico-rv32ima.dir/__/no-OS-FatFS-SD-SPI-RPi-Pico/src/ff15/source/ff.c.obj
 .text.move_window.part.0
                0x0000000020005c18       0xa8 CMakeFiles/pico-rv32ima.dir/__/no-OS-FatFS-SD-SPI-RPi-Pico/src/ff15/source/ff.c.obj
 .text.put_fat.part.0
                0x0000000020005cc0      0x1b8 CMakeFiles/pico-rv32ima.dir/__/no-OS-FatFS-SD-SPI-RPi-Pico/src/ff15/source/ff.c.obj
 .text.get_fat  0x0000000020005e78      0x1f8 CMakeFiles/pico-rv32ima.dir/__/no-OS-FatFS-SD-SPI-RPi-Pico/src/ff15/source/ff.c.obj
 .text.dir_next.constprop.0
                0x0000000020006070       0xc8 CMakeFiles/pico-rv32ima.dir/__/no-OS-FatFS-SD-SPI-RPi-Pico/src/ff15/source/ff.c.obj
 .text.sync_fs  0x0000000020006138      0x134 CMakeFiles/pico-rv32ima.dir/__/no-OS-FatFS-SD-SPI-RPi-Pico/src/ff15/source/ff.c.obj
 .text.check_fs
                0x000000002000626c      0x18c CMakeFiles/pico-rv32ima.dir/__/no-OS-FatFS-SD-SPI-RPi-Pico/src/ff15/source/ff.c.obj
 .text.mount_volume
                0x00000000200063f8      0xc28 CMakeFiles/pico-rv32ima.dir/__/no-OS-FatFS-SD-SPI-RPi-Pico/src/ff15/source/ff.c.obj
 .text.load_xdir
                0x0000000020007020      0x208 CMakeFiles/pico-rv32ima.dir/__/no-OS-FatFS-SD-SPI-RPi-Pico/src/ff15/source/ff.c.obj
 .text.dir_read.constprop.0
                0x0000000020007228      0x5a0 CMakeFiles/pico-rv32ima.dir/__/no-OS-FatFS-SD-SPI-RPi-Pico/src/ff15/source/ff.c.obj
 .text.dir_sdi  0x00000000200077c8      0x354 CMakeFiles/pico-rv32ima.dir/__/no-OS-FatFS-SD-SPI-RPi-Pico/src/ff15/source/ff.c.obj
 .text.store_xdir
                0x0000000020007b1c      0x1ac CMakeFiles/pico-rv32ima.dir/__/no-OS-FatFS-SD-SPI-RPi-Pico/src/ff15/source/ff.c.obj
 .text.dir_find
                0x0000000020007cc8      0x3c0 CMakeFiles/pico-rv32ima.dir/__/no-OS-FatFS-SD-SPI-RPi-Pico/src/ff15/source/ff.c.obj
 .text.follow_path
                0x0000000020008088      0x62c CMakeFiles/pico-rv32ima.dir/__/no-OS-FatFS-SD-SPI-RPi-Pico/src/ff15/source/ff.c.obj
 .text.create_chain
                0x00000000200086b4      0x578 CMakeFiles/pico-rv32ima.dir/__/no-OS-FatFS-SD-SPI-RPi-Pico/src/ff15/source/ff.c.obj
 .text.dir_alloc
                0x0000000020008c2c      0x22c CMakeFiles/pico-rv32ima.dir/__/no-OS-FatFS-SD-SPI-RPi-Pico/src/ff15/source/ff.c.obj
 .text.dir_register
                0x0000000020008e58      0xb10 CMakeFiles/pico-rv32ima.dir/__/no-OS-FatFS-SD-SPI-RPi-Pico/src/ff15/source/ff.c.obj
 .text.remove_chain
                0x0000000020009968      0x42c CMakeFiles/pico-rv32ima.dir/__/no-OS-FatFS-SD-SPI-RPi-Pico/src/ff15/source/ff.c.obj
 .text.f_mount  0x0000000020009d94      0x1c8 CMakeFiles/pico-rv32ima.dir/__/no-OS-FatFS-SD-SPI-RPi-Pico/src/ff15/source/ff.c.obj
                0x0000000020009d94                f_mount
 .text.f_open   0x0000000020009f5c      0xde0 CMakeFiles/pico-rv32ima.dir/__/no-OS-FatFS-SD-SPI-RPi-Pico/src/ff15/source/ff.c.obj
                0x0000000020009f5c                f_open
 .text.f_read   0x000000002000ad3c      0x2a4 CMakeFiles/pico-rv32ima.dir/__/no-OS-FatFS-SD-SPI-RPi-Pico/src/ff15/source/ff.c.obj
                0x000000002000ad3c                f_read
 .text.f_sync   0x000000002000afe0      0x2ec CMakeFiles/pico-rv32ima.dir/__/no-OS-FatFS-SD-SPI-RPi-Pico/src/ff15/source/ff.c.obj
                0x000000002000afe0                f_sync
 .text.f_close  0x000000002000b2cc       0x78 CMakeFiles/pico-rv32ima.dir/__/no-OS-FatFS-SD-SPI-RPi-Pico/src/ff15/source/ff.c.obj
                0x000000002000b2cc                f_close
 .text.ff_memalloc
                0x000000002000b344        0x8 CMakeFiles/pico-rv32ima.dir/__/no-OS-FatFS-SD-SPI-RPi-Pico/src/ff15/source/ffsystem.c.obj
                0x000000002000b344                ff_memalloc
 .text.ff_memfree
                0x000000002000b34c        0x8 CMakeFiles/pico-rv32ima.dir/__/no-OS-FatFS-SD-SPI-RPi-Pico/src/ff15/source/ffsystem.c.obj
                0x000000002000b34c                ff_memfree
 .text.ff_uni2oem
                0x000000002000b354       0x40 CMakeFiles/pico-rv32ima.dir/__/no-OS-FatFS-SD-SPI-RPi-Pico/src/ff15/source/ffunicode.c.obj
                0x000000002000b354                ff_uni2oem
 .text.ff_wtoupper
                0x000000002000b394       0xb8 CMakeFiles/pico-rv32ima.dir/__/no-OS-FatFS-SD-SPI-RPi-Pico/src/ff15/source/ffunicode.c.obj
                0x000000002000b394                ff_wtoupper
 .text.sd_card_detect
                0x000000002000b44c       0x38 CMakeFiles/pico-rv32ima.dir/__/no-OS-FatFS-SD-SPI-RPi-Pico/src/sd_driver/sd_card.c.obj
                0x000000002000b44c                sd_card_detect
 .text.sd_init_driver
                0x000000002000b484       0x80 CMakeFiles/pico-rv32ima.dir/__/no-OS-FatFS-SD-SPI-RPi-Pico/src/sd_driver/sd_card.c.obj
                0x000000002000b484                sd_init_driver
 .text.sdio_start_next_block_tx
                0x000000002000b504      0x170 CMakeFiles/pico-rv32ima.dir/__/no-OS-FatFS-SD-SPI-RPi-Pico/src/sd_driver/SDIO/rp2040_sdio.c.obj
 .text.sdio_send_command.isra.0
                0x000000002000b674       0x98 CMakeFiles/pico-rv32ima.dir/__/no-OS-FatFS-SD-SPI-RPi-Pico/src/sd_driver/SDIO/rp2040_sdio.c.obj
 .text.sdio_crc16_4bit_checksum.constprop.0
                0x000000002000b70c       0x84 CMakeFiles/pico-rv32ima.dir/__/no-OS-FatFS-SD-SPI-RPi-Pico/src/sd_driver/SDIO/rp2040_sdio.c.obj
 .text.sub_rp2040_sdio_tx_irq
                0x000000002000b790      0x1f4 CMakeFiles/pico-rv32ima.dir/__/no-OS-FatFS-SD-SPI-RPi-Pico/src/sd_driver/SDIO/rp2040_sdio.c.obj
 .text.rp2040_sdio_tx_irq
                0x000000002000b984       0x9c CMakeFiles/pico-rv32ima.dir/__/no-OS-FatFS-SD-SPI-RPi-Pico/src/sd_driver/SDIO/rp2040_sdio.c.obj
 .text.rp2040_sdio_command_R1
                0x000000002000ba20      0x150 CMakeFiles/pico-rv32ima.dir/__/no-OS-FatFS-SD-SPI-RPi-Pico/src/sd_driver/SDIO/rp2040_sdio.c.obj
                0x000000002000ba20                rp2040_sdio_command_R1
 .text.rp2040_sdio_command_R2
                0x000000002000bb70      0x24c CMakeFiles/pico-rv32ima.dir/__/no-OS-FatFS-SD-SPI-RPi-Pico/src/sd_driver/SDIO/rp2040_sdio.c.obj
                0x000000002000bb70                rp2040_sdio_command_R2
 .text.rp2040_sdio_command_R3
                0x000000002000bdbc       0xb8 CMakeFiles/pico-rv32ima.dir/__/no-OS-FatFS-SD-SPI-RPi-Pico/src/sd_driver/SDIO/rp2040_sdio.c.obj
                0x000000002000bdbc                rp2040_sdio_command_R3
 .text.rp2040_sdio_rx_start
                0x000000002000be74      0x19c CMakeFiles/pico-rv32ima.dir/__/no-OS-FatFS-SD-SPI-RPi-Pico/src/sd_driver/SDIO/rp2040_sdio.c.obj
                0x000000002000be74                rp2040_sdio_rx_start
 .text.rp2040_sdio_rx_poll
                0x000000002000c010      0x25c CMakeFiles/pico-rv32ima.dir/__/no-OS-FatFS-SD-SPI-RPi-Pico/src/sd_driver/SDIO/rp2040_sdio.c.obj
                0x000000002000c010                rp2040_sdio_rx_poll
 .text.rp2040_sdio_tx_start
                0x000000002000c26c       0x88 CMakeFiles/pico-rv32ima.dir/__/no-OS-FatFS-SD-SPI-RPi-Pico/src/sd_driver/SDIO/rp2040_sdio.c.obj
                0x000000002000c26c                rp2040_sdio_tx_start
 .text.rp2040_sdio_tx_poll
                0x000000002000c2f4      0x134 CMakeFiles/pico-rv32ima.dir/__/no-OS-FatFS-SD-SPI-RPi-Pico/src/sd_driver/SDIO/rp2040_sdio.c.obj
                0x000000002000c2f4                rp2040_sdio_tx_poll
 .text.rp2040_sdio_init
                0x000000002000c428      0x344 CMakeFiles/pico-rv32ima.dir/__/no-OS-FatFS-SD-SPI-RPi-Pico/src/sd_driver/SDIO/rp2040_sdio.c.obj
                0x000000002000c428                rp2040_sdio_init
 .text.sd_sdio_readCID
                0x000000002000c76c       0x14 CMakeFiles/pico-rv32ima.dir/__/no-OS-FatFS-SD-SPI-RPi-Pico/src/sd_driver/SDIO/sd_card_sdio.c.obj
                0x000000002000c76c                sd_sdio_readCID
 .text.sd_sdio_sectorCount
                0x000000002000c780       0x64 CMakeFiles/pico-rv32ima.dir/__/no-OS-FatFS-SD-SPI-RPi-Pico/src/sd_driver/SDIO/sd_card_sdio.c.obj
                0x000000002000c780                sd_sdio_sectorCount
 .text.sd_sdio_begin
                0x000000002000c7e4      0x238 CMakeFiles/pico-rv32ima.dir/__/no-OS-FatFS-SD-SPI-RPi-Pico/src/sd_driver/SDIO/sd_card_sdio.c.obj
                0x000000002000c7e4                sd_sdio_begin
 .text.sd_sdio_init
                0x000000002000ca1c       0x1c CMakeFiles/pico-rv32ima.dir/__/no-OS-FatFS-SD-SPI-RPi-Pico/src/sd_driver/SDIO/sd_card_sdio.c.obj
 .text.sd_sdio_stopTransmission
                0x000000002000ca38       0xcc CMakeFiles/pico-rv32ima.dir/__/no-OS-FatFS-SD-SPI-RPi-Pico/src/sd_driver/SDIO/sd_card_sdio.c.obj
                0x000000002000ca38                sd_sdio_stopTransmission
 .text.sd_sdio_writeSector
                0x000000002000cb04       0xf4 CMakeFiles/pico-rv32ima.dir/__/no-OS-FatFS-SD-SPI-RPi-Pico/src/sd_driver/SDIO/sd_card_sdio.c.obj
                0x000000002000cb04                sd_sdio_writeSector
 .text.sd_sdio_writeSectors
                0x000000002000cbf8      0x164 CMakeFiles/pico-rv32ima.dir/__/no-OS-FatFS-SD-SPI-RPi-Pico/src/sd_driver/SDIO/sd_card_sdio.c.obj
                0x000000002000cbf8                sd_sdio_writeSectors
 .text.sd_sdio_write_blocks
                0x000000002000cd5c       0x34 CMakeFiles/pico-rv32ima.dir/__/no-OS-FatFS-SD-SPI-RPi-Pico/src/sd_driver/SDIO/sd_card_sdio.c.obj
 .text.sd_sdio_readSector
                0x000000002000cd90      0x10c CMakeFiles/pico-rv32ima.dir/__/no-OS-FatFS-SD-SPI-RPi-Pico/src/sd_driver/SDIO/sd_card_sdio.c.obj
                0x000000002000cd90                sd_sdio_readSector
 .text.sd_sdio_readSectors
                0x000000002000ce9c      0x130 CMakeFiles/pico-rv32ima.dir/__/no-OS-FatFS-SD-SPI-RPi-Pico/src/sd_driver/SDIO/sd_card_sdio.c.obj
                0x000000002000ce9c                sd_sdio_readSectors
 .text.sd_sdio_read_blocks
                0x000000002000cfcc       0x34 CMakeFiles/pico-rv32ima.dir/__/no-OS-FatFS-SD-SPI-RPi-Pico/src/sd_driver/SDIO/sd_card_sdio.c.obj
 .text.sd_sdio_ctor
                0x000000002000d000      0x178 CMakeFiles/pico-rv32ima.dir/__/no-OS-FatFS-SD-SPI-RPi-Pico/src/sd_driver/SDIO/sd_card_sdio.c.obj
                0x000000002000d000                sd_sdio_ctor
 .text.crc7     0x000000002000d178       0x28 CMakeFiles/pico-rv32ima.dir/__/no-OS-FatFS-SD-SPI-RPi-Pico/src/sd_driver/SPI/crc.c.obj
                0x000000002000d178                crc7
 .text.crc16    0x000000002000d1a0       0x30 CMakeFiles/pico-rv32ima.dir/__/no-OS-FatFS-SD-SPI-RPi-Pico/src/sd_driver/SPI/crc.c.obj
                0x000000002000d1a0                crc16
 .text.sd_spi_go_high_frequency
                0x000000002000d1d0       0x10 CMakeFiles/pico-rv32ima.dir/__/no-OS-FatFS-SD-SPI-RPi-Pico/src/sd_driver/SPI/sd_spi.c.obj
                0x000000002000d1d0                sd_spi_go_high_frequency
 .text.sd_spi_go_low_frequency
                0x000000002000d1e0       0x14 CMakeFiles/pico-rv32ima.dir/__/no-OS-FatFS-SD-SPI-RPi-Pico/src/sd_driver/SPI/sd_spi.c.obj
                0x000000002000d1e0                sd_spi_go_low_frequency
 .text.sd_spi_deselect_pulse
                0x000000002000d1f4       0x5c CMakeFiles/pico-rv32ima.dir/__/no-OS-FatFS-SD-SPI-RPi-Pico/src/sd_driver/SPI/sd_spi.c.obj
                0x000000002000d1f4                sd_spi_deselect_pulse
 .text.sd_spi_acquire
                0x000000002000d250       0x34 CMakeFiles/pico-rv32ima.dir/__/no-OS-FatFS-SD-SPI-RPi-Pico/src/sd_driver/SPI/sd_spi.c.obj
                0x000000002000d250                sd_spi_acquire
 .text.sd_spi_release
                0x000000002000d284       0x34 CMakeFiles/pico-rv32ima.dir/__/no-OS-FatFS-SD-SPI-RPi-Pico/src/sd_driver/SPI/sd_spi.c.obj
                0x000000002000d284                sd_spi_release
 .text.sd_spi_transfer
                0x000000002000d2b8        0xc CMakeFiles/pico-rv32ima.dir/__/no-OS-FatFS-SD-SPI-RPi-Pico/src/sd_driver/SPI/sd_spi.c.obj
                0x000000002000d2b8                sd_spi_transfer
 .text.sd_spi_write
                0x000000002000d2c4       0x44 CMakeFiles/pico-rv32ima.dir/__/no-OS-FatFS-SD-SPI-RPi-Pico/src/sd_driver/SPI/sd_spi.c.obj
                0x000000002000d2c4                sd_spi_write
 .text.sd_spi_send_initializing_sequence
                0x000000002000d308       0x7c CMakeFiles/pico-rv32ima.dir/__/no-OS-FatFS-SD-SPI-RPi-Pico/src/sd_driver/SPI/sd_spi.c.obj
                0x000000002000d308                sd_spi_send_initializing_sequence
 .text.in_sd_spi_sectors.part.0
                0x000000002000d384      0x19c CMakeFiles/pico-rv32ima.dir/__/no-OS-FatFS-SD-SPI-RPi-Pico/src/sd_driver/SPI/sd_card_spi.c.obj
 .text.sd_write_block.constprop.0
                0x000000002000d520       0xb0 CMakeFiles/pico-rv32ima.dir/__/no-OS-FatFS-SD-SPI-RPi-Pico/src/sd_driver/SPI/sd_card_spi.c.obj
 .text.sd_cmd   0x000000002000d5d0      0x340 CMakeFiles/pico-rv32ima.dir/__/no-OS-FatFS-SD-SPI-RPi-Pico/src/sd_driver/SPI/sd_card_spi.c.obj
 .text.sd_spi_readCID
                0x000000002000d910      0x110 CMakeFiles/pico-rv32ima.dir/__/no-OS-FatFS-SD-SPI-RPi-Pico/src/sd_driver/SPI/sd_card_spi.c.obj
                0x000000002000d910                sd_spi_readCID
 .text.sd_read_blocks
                0x000000002000da20      0x1c0 CMakeFiles/pico-rv32ima.dir/__/no-OS-FatFS-SD-SPI-RPi-Pico/src/sd_driver/SPI/sd_card_spi.c.obj
 .text.sd_write_blocks
                0x000000002000dbe0      0x148 CMakeFiles/pico-rv32ima.dir/__/no-OS-FatFS-SD-SPI-RPi-Pico/src/sd_driver/SPI/sd_card_spi.c.obj
 .text.sd_spi_sectors
                0x000000002000dd28       0x88 CMakeFiles/pico-rv32ima.dir/__/no-OS-FatFS-SD-SPI-RPi-Pico/src/sd_driver/SPI/sd_card_spi.c.obj
                0x000000002000dd28                sd_spi_sectors
 .text.sd_spi_init
                0x000000002000ddb0      0x28c CMakeFiles/pico-rv32ima.dir/__/no-OS-FatFS-SD-SPI-RPi-Pico/src/sd_driver/SPI/sd_card_spi.c.obj
                0x000000002000ddb0                sd_spi_init
 .text.sd_spi_ctor
                0x000000002000e03c       0x90 CMakeFiles/pico-rv32ima.dir/__/no-OS-FatFS-SD-SPI-RPi-Pico/src/sd_driver/SPI/sd_card_spi.c.obj
                0x000000002000e03c                sd_spi_ctor
 .text.in_spi_irq_handler
                0x000000002000e0cc       0xac CMakeFiles/pico-rv32ima.dir/__/no-OS-FatFS-SD-SPI-RPi-Pico/src/sd_driver/SPI/spi.c.obj
 .text.spi_irq_handler
                0x000000002000e178       0x1c CMakeFiles/pico-rv32ima.dir/__/no-OS-FatFS-SD-SPI-RPi-Pico/src/sd_driver/SPI/spi.c.obj
 .text.spi_lock
                0x000000002000e194       0x30 CMakeFiles/pico-rv32ima.dir/__/no-OS-FatFS-SD-SPI-RPi-Pico/src/sd_driver/SPI/spi.c.obj
                0x000000002000e194                spi_lock
 .text.spi_unlock
                0x000000002000e1c4       0x30 CMakeFiles/pico-rv32ima.dir/__/no-OS-FatFS-SD-SPI-RPi-Pico/src/sd_driver/SPI/spi.c.obj
                0x000000002000e1c4                spi_unlock
 .text.my_spi_init
                0x000000002000e1f4      0x1c4 CMakeFiles/pico-rv32ima.dir/__/no-OS-FatFS-SD-SPI-RPi-Pico/src/sd_driver/SPI/spi.c.obj
                0x000000002000e1f4                my_spi_init
 .text.FRESULT_str
                0x000000002000e3b8       0x18 CMakeFiles/pico-rv32ima.dir/__/no-OS-FatFS-SD-SPI-RPi-Pico/src/source/f_util.c.obj
                0x000000002000e3b8                FRESULT_str
 .text.disk_status
                0x000000002000e3d0       0x18 CMakeFiles/pico-rv32ima.dir/__/no-OS-FatFS-SD-SPI-RPi-Pico/src/source/glue.c.obj
                0x000000002000e3d0                disk_status
 .text.disk_initialize
                0x000000002000e3e8       0x2c CMakeFiles/pico-rv32ima.dir/__/no-OS-FatFS-SD-SPI-RPi-Pico/src/source/glue.c.obj
                0x000000002000e3e8                disk_initialize
 .text.disk_read
                0x000000002000e414       0x74 CMakeFiles/pico-rv32ima.dir/__/no-OS-FatFS-SD-SPI-RPi-Pico/src/source/glue.c.obj
                0x000000002000e414                disk_read
 .text.disk_write
                0x000000002000e488       0x74 CMakeFiles/pico-rv32ima.dir/__/no-OS-FatFS-SD-SPI-RPi-Pico/src/source/glue.c.obj
                0x000000002000e488                disk_write
 .text.disk_ioctl
                0x000000002000e4fc       0x40 CMakeFiles/pico-rv32ima.dir/__/no-OS-FatFS-SD-SPI-RPi-Pico/src/source/glue.c.obj
                0x000000002000e4fc                disk_ioctl
 .text.my_assert_func
                0x000000002000e53c        0x8 CMakeFiles/pico-rv32ima.dir/__/no-OS-FatFS-SD-SPI-RPi-Pico/src/source/my_debug.c.obj
                0x000000002000e53c                my_assert_func
 .text.get_fattime
                0x000000002000e544       0x6c CMakeFiles/pico-rv32ima.dir/__/no-OS-FatFS-SD-SPI-RPi-Pico/src/source/rtc.c.obj
                0x000000002000e544                get_fattime
 .text.dma_claim_unused_channel
                0x000000002000e5b0       0x20 CMakeFiles/pico-rv32ima.dir/home/codespace/raspberry-pi-pico/pico/pico-sdk/src/rp2_common/hardware_dma/dma.c.obj
                0x000000002000e5b0                dma_claim_unused_channel
 .text.pio_claim_unused_sm
                0x000000002000e5d0       0x3c CMakeFiles/pico-rv32ima.dir/home/codespace/raspberry-pi-pico/pico/pico-sdk/src/rp2_common/hardware_pio/pio.c.obj
                0x000000002000e5d0                pio_claim_unused_sm
 .text.pio_add_program
                0x000000002000e60c       0xe4 CMakeFiles/pico-rv32ima.dir/home/codespace/raspberry-pi-pico/pico/pico-sdk/src/rp2_common/hardware_pio/pio.c.obj
                0x000000002000e60c                pio_add_program
 .text.pio_clear_instruction_memory
                0x000000002000e6f0       0x38 CMakeFiles/pico-rv32ima.dir/home/codespace/raspberry-pi-pico/pico/pico-sdk/src/rp2_common/hardware_pio/pio.c.obj
                0x000000002000e6f0                pio_clear_instruction_memory
 .text.pio_sm_set_consecutive_pindirs
                0x000000002000e728       0xb0 CMakeFiles/pico-rv32ima.dir/home/codespace/raspberry-pi-pico/pico/pico-sdk/src/rp2_common/hardware_pio/pio.c.obj
                0x000000002000e728                pio_sm_set_consecutive_pindirs
 .text.pio_sm_init
                0x000000002000e7d8       0x8c CMakeFiles/pico-rv32ima.dir/home/codespace/raspberry-pi-pico/pico/pico-sdk/src/rp2_common/hardware_pio/pio.c.obj
                0x000000002000e7d8                pio_sm_init
 .text.rtc_get_datetime
                0x000000002000e864       0x44 CMakeFiles/pico-rv32ima.dir/home/codespace/raspberry-pi-pico/pico/pico-sdk/src/rp2_common/hardware_rtc/rtc.c.obj
                0x000000002000e864                rtc_get_datetime
 .text.spi_init
                0x000000002000e8a8       0xf4 CMakeFiles/pico-rv32ima.dir/home/codespace/raspberry-pi-pico/pico/pico-sdk/src/rp2_common/hardware_spi/spi.c.obj
                0x000000002000e8a8                spi_init
 .text.spi_set_baudrate
                0x000000002000e99c       0x94 CMakeFiles/pico-rv32ima.dir/home/codespace/raspberry-pi-pico/pico/pico-sdk/src/rp2_common/hardware_spi/spi.c.obj
                0x000000002000e99c                spi_set_baudrate
 .text.startup.SystemInit
                0x000000002000ea30       0x14 CMakeFiles/pico-rv32ima.dir/home/codespace/raspberry-pi-pico/pico/pico-sdk/src/rp2_common/cmsis/stub/CMSIS/Device/RaspberryPi/RP2040/Source/system_RP2040.c.obj
                0x000000002000ea30                SystemInit
 .text.core1_trampoline
                0x000000002000ea44        0x4 CMakeFiles/pico-rv32ima.dir/home/codespace/raspberry-pi-pico/pico/pico-sdk/src/rp2_common/pico_multicore/multicore.c.obj
 .text.core1_wrapper
                0x000000002000ea48        0xc CMakeFiles/pico-rv32ima.dir/home/codespace/raspberry-pi-pico/pico/pico-sdk/src/rp2_common/pico_multicore/multicore.c.obj
                0x000000002000ea48                core1_wrapper
 .text.multicore_reset_core1
                0x000000002000ea54       0x24 CMakeFiles/pico-rv32ima.dir/home/codespace/raspberry-pi-pico/pico/pico-sdk/src/rp2_common/pico_multicore/multicore.c.obj
                0x000000002000ea54                multicore_reset_core1
 .text.multicore_launch_core1_raw
                0x000000002000ea78       0x84 CMakeFiles/pico-rv32ima.dir/home/codespace/raspberry-pi-pico/pico/pico-sdk/src/rp2_common/pico_multicore/multicore.c.obj
                0x000000002000ea78                multicore_launch_core1_raw
 .text.multicore_launch_core1
                0x000000002000eafc       0x4c CMakeFiles/pico-rv32ima.dir/home/codespace/raspberry-pi-pico/pico/pico-sdk/src/rp2_common/pico_multicore/multicore.c.obj
                0x000000002000eafc                multicore_launch_core1
 .text.dcd_int_enable
                0x000000002000eb48        0xc CMakeFiles/pico-rv32ima.dir/home/codespace/raspberry-pi-pico/pico/pico-sdk/lib/tinyusb/src/portable/raspberrypi/rp2040/dcd_rp2040.c.obj
                0x000000002000eb48                dcd_int_enable
 .text.dcd_set_address
                0x000000002000eb54       0x14 CMakeFiles/pico-rv32ima.dir/home/codespace/raspberry-pi-pico/pico/pico-sdk/lib/tinyusb/src/portable/raspberrypi/rp2040/dcd_rp2040.c.obj
                0x000000002000eb54                dcd_set_address
 .text.dcd_connect
                0x000000002000eb68       0x10 CMakeFiles/pico-rv32ima.dir/home/codespace/raspberry-pi-pico/pico/pico-sdk/lib/tinyusb/src/portable/raspberrypi/rp2040/dcd_rp2040.c.obj
                0x000000002000eb68                dcd_connect
 .text.dcd_init
                0x000000002000eb78       0x9c CMakeFiles/pico-rv32ima.dir/home/codespace/raspberry-pi-pico/pico/pico-sdk/lib/tinyusb/src/portable/raspberrypi/rp2040/dcd_rp2040.c.obj
                0x000000002000eb78                dcd_init
 .text.dcd_edpt0_status_complete
                0x000000002000ec14       0x1c CMakeFiles/pico-rv32ima.dir/home/codespace/raspberry-pi-pico/pico/pico-sdk/lib/tinyusb/src/portable/raspberrypi/rp2040/dcd_rp2040.c.obj
                0x000000002000ec14                dcd_edpt0_status_complete
 .text.dcd_edpt_open
                0x000000002000ec30      0x108 CMakeFiles/pico-rv32ima.dir/home/codespace/raspberry-pi-pico/pico/pico-sdk/lib/tinyusb/src/portable/raspberrypi/rp2040/dcd_rp2040.c.obj
                0x000000002000ec30                dcd_edpt_open
 .text.dcd_edpt_close_all
                0x000000002000ed38        0x8 CMakeFiles/pico-rv32ima.dir/home/codespace/raspberry-pi-pico/pico/pico-sdk/lib/tinyusb/src/portable/raspberrypi/rp2040/dcd_rp2040.c.obj
                0x000000002000ed38                dcd_edpt_close_all
 .text.dcd_edpt_xfer
                0x000000002000ed40       0x24 CMakeFiles/pico-rv32ima.dir/home/codespace/raspberry-pi-pico/pico/pico-sdk/lib/tinyusb/src/portable/raspberrypi/rp2040/dcd_rp2040.c.obj
                0x000000002000ed40                dcd_edpt_xfer
 .text.dcd_edpt_stall
                0x000000002000ed64       0x38 CMakeFiles/pico-rv32ima.dir/home/codespace/raspberry-pi-pico/pico/pico-sdk/lib/tinyusb/src/portable/raspberrypi/rp2040/dcd_rp2040.c.obj
                0x000000002000ed64                dcd_edpt_stall
 .text.dcd_edpt_clear_stall
                0x000000002000ed9c       0x30 CMakeFiles/pico-rv32ima.dir/home/codespace/raspberry-pi-pico/pico/pico-sdk/lib/tinyusb/src/portable/raspberrypi/rp2040/dcd_rp2040.c.obj
                0x000000002000ed9c                dcd_edpt_clear_stall
 .text.rp2040_usb_init
                0x000000002000edcc       0x4c CMakeFiles/pico-rv32ima.dir/home/codespace/raspberry-pi-pico/pico/pico-sdk/lib/tinyusb/src/portable/raspberrypi/rp2040/rp2040_usb.c.obj
                0x000000002000edcc                rp2040_usb_init
 .text.hw_endpoint_xfer_start
                0x000000002000ee18       0x54 CMakeFiles/pico-rv32ima.dir/home/codespace/raspberry-pi-pico/pico/pico-sdk/lib/tinyusb/src/portable/raspberrypi/rp2040/rp2040_usb.c.obj
                0x000000002000ee18                hw_endpoint_xfer_start
 .text.tud_mounted
                0x000000002000ee6c       0x10 CMakeFiles/pico-rv32ima.dir/home/codespace/raspberry-pi-pico/pico/pico-sdk/lib/tinyusb/src/device/usbd.c.obj
                0x000000002000ee6c                tud_mounted
 .text.tud_suspended
                0x000000002000ee7c       0x10 CMakeFiles/pico-rv32ima.dir/home/codespace/raspberry-pi-pico/pico/pico-sdk/lib/tinyusb/src/device/usbd.c.obj
                0x000000002000ee7c                tud_suspended
 .text.tud_inited
                0x000000002000ee8c       0x14 CMakeFiles/pico-rv32ima.dir/home/codespace/raspberry-pi-pico/pico/pico-sdk/lib/tinyusb/src/device/usbd.c.obj
                0x000000002000ee8c                tud_inited
 .text.tud_init
                0x000000002000eea0       0xe4 CMakeFiles/pico-rv32ima.dir/home/codespace/raspberry-pi-pico/pico/pico-sdk/lib/tinyusb/src/device/usbd.c.obj
                0x000000002000eea0                tud_init
 .text.tud_task_ext
                0x000000002000ef84      0x858 CMakeFiles/pico-rv32ima.dir/home/codespace/raspberry-pi-pico/pico/pico-sdk/lib/tinyusb/src/device/usbd.c.obj
                0x000000002000ef84                tud_task_ext
 .text.usbd_open_edpt_pair
                0x000000002000f7dc       0x9c CMakeFiles/pico-rv32ima.dir/home/codespace/raspberry-pi-pico/pico/pico-sdk/lib/tinyusb/src/device/usbd.c.obj
                0x000000002000f7dc                usbd_open_edpt_pair
 .text.usbd_edpt_open
                0x000000002000f878       0x34 CMakeFiles/pico-rv32ima.dir/home/codespace/raspberry-pi-pico/pico/pico-sdk/lib/tinyusb/src/device/usbd.c.obj
                0x000000002000f878                usbd_edpt_open
 .text.usbd_edpt_claim
                0x000000002000f8ac       0x28 CMakeFiles/pico-rv32ima.dir/home/codespace/raspberry-pi-pico/pico/pico-sdk/lib/tinyusb/src/device/usbd.c.obj
                0x000000002000f8ac                usbd_edpt_claim
 .text.usbd_edpt_release
                0x000000002000f8d4       0x28 CMakeFiles/pico-rv32ima.dir/home/codespace/raspberry-pi-pico/pico/pico-sdk/lib/tinyusb/src/device/usbd.c.obj
                0x000000002000f8d4                usbd_edpt_release
 .text.usbd_edpt_xfer
                0x000000002000f8fc       0x4c CMakeFiles/pico-rv32ima.dir/home/codespace/raspberry-pi-pico/pico/pico-sdk/lib/tinyusb/src/device/usbd.c.obj
                0x000000002000f8fc                usbd_edpt_xfer
 .text.tud_control_status
                0x000000002000f948       0x30 CMakeFiles/pico-rv32ima.dir/home/codespace/raspberry-pi-pico/pico/pico-sdk/lib/tinyusb/src/device/usbd_control.c.obj
                0x000000002000f948                tud_control_status
 .text.tud_control_xfer
                0x000000002000f978       0xb8 CMakeFiles/pico-rv32ima.dir/home/codespace/raspberry-pi-pico/pico/pico-sdk/lib/tinyusb/src/device/usbd_control.c.obj
                0x000000002000f978                tud_control_xfer
 .text.usbd_control_reset
                0x000000002000fa30       0x14 CMakeFiles/pico-rv32ima.dir/home/codespace/raspberry-pi-pico/pico/pico-sdk/lib/tinyusb/src/device/usbd_control.c.obj
                0x000000002000fa30                usbd_control_reset
 .text.usbd_control_set_complete_callback
                0x000000002000fa44        0xc CMakeFiles/pico-rv32ima.dir/home/codespace/raspberry-pi-pico/pico/pico-sdk/lib/tinyusb/src/device/usbd_control.c.obj
                0x000000002000fa44                usbd_control_set_complete_callback
 .text.usbd_control_set_request
                0x000000002000fa50       0x1c CMakeFiles/pico-rv32ima.dir/home/codespace/raspberry-pi-pico/pico/pico-sdk/lib/tinyusb/src/device/usbd_control.c.obj
                0x000000002000fa50                usbd_control_set_request
 .text.usbd_control_xfer_cb
                0x000000002000fa6c       0xf8 CMakeFiles/pico-rv32ima.dir/home/codespace/raspberry-pi-pico/pico/pico-sdk/lib/tinyusb/src/device/usbd_control.c.obj
                0x000000002000fa6c                usbd_control_xfer_cb
 .text.tud_cdc_n_connected
                0x000000002000fb64       0x34 CMakeFiles/pico-rv32ima.dir/home/codespace/raspberry-pi-pico/pico/pico-sdk/lib/tinyusb/src/class/cdc/cdc_device.c.obj
                0x000000002000fb64                tud_cdc_n_connected
 .text.tud_cdc_n_available
                0x000000002000fb98       0x20 CMakeFiles/pico-rv32ima.dir/home/codespace/raspberry-pi-pico/pico/pico-sdk/lib/tinyusb/src/class/cdc/cdc_device.c.obj
                0x000000002000fb98                tud_cdc_n_available
 .text.tud_cdc_n_read
                0x000000002000fbb8       0x80 CMakeFiles/pico-rv32ima.dir/home/codespace/raspberry-pi-pico/pico/pico-sdk/lib/tinyusb/src/class/cdc/cdc_device.c.obj
                0x000000002000fbb8                tud_cdc_n_read
 .text.tud_cdc_n_write_flush
                0x000000002000fc38       0x7c CMakeFiles/pico-rv32ima.dir/home/codespace/raspberry-pi-pico/pico/pico-sdk/lib/tinyusb/src/class/cdc/cdc_device.c.obj
                0x000000002000fc38                tud_cdc_n_write_flush
 .text.tud_cdc_n_write
                0x000000002000fcb4       0x38 CMakeFiles/pico-rv32ima.dir/home/codespace/raspberry-pi-pico/pico/pico-sdk/lib/tinyusb/src/class/cdc/cdc_device.c.obj
                0x000000002000fcb4                tud_cdc_n_write
 .text.cdcd_init
                0x000000002000fcec       0x80 CMakeFiles/pico-rv32ima.dir/home/codespace/raspberry-pi-pico/pico/pico-sdk/lib/tinyusb/src/class/cdc/cdc_device.c.obj
                0x000000002000fcec                cdcd_init
 .text.cdcd_reset
                0x000000002000fd6c       0x2c CMakeFiles/pico-rv32ima.dir/home/codespace/raspberry-pi-pico/pico/pico-sdk/lib/tinyusb/src/class/cdc/cdc_device.c.obj
                0x000000002000fd6c                cdcd_reset
 .text.cdcd_open
                0x000000002000fd98       0xe8 CMakeFiles/pico-rv32ima.dir/home/codespace/raspberry-pi-pico/pico/pico-sdk/lib/tinyusb/src/class/cdc/cdc_device.c.obj
                0x000000002000fd98                cdcd_open
 .text.cdcd_control_xfer_cb
                0x000000002000fe80       0xe4 CMakeFiles/pico-rv32ima.dir/home/codespace/raspberry-pi-pico/pico/pico-sdk/lib/tinyusb/src/class/cdc/cdc_device.c.obj
                0x000000002000fe80                cdcd_control_xfer_cb
 .text.cdcd_xfer_cb
                0x000000002000ff64      0x1a0 CMakeFiles/pico-rv32ima.dir/home/codespace/raspberry-pi-pico/pico/pico-sdk/lib/tinyusb/src/class/cdc/cdc_device.c.obj
                0x000000002000ff64                cdcd_xfer_cb
 .text.tusb_init
                0x0000000020010104        0xc CMakeFiles/pico-rv32ima.dir/home/codespace/raspberry-pi-pico/pico/pico-sdk/lib/tinyusb/src/tusb.c.obj
                0x0000000020010104                tusb_init
 .text.tusb_inited
                0x0000000020010110        0x8 CMakeFiles/pico-rv32ima.dir/home/codespace/raspberry-pi-pico/pico/pico-sdk/lib/tinyusb/src/tusb.c.obj
                0x0000000020010110                tusb_inited
 .text.tu_edpt_claim
                0x0000000020010118       0x50 CMakeFiles/pico-rv32ima.dir/home/codespace/raspberry-pi-pico/pico/pico-sdk/lib/tinyusb/src/tusb.c.obj
                0x0000000020010118                tu_edpt_claim
 .text.tu_edpt_release
                0x0000000020010168       0x38 CMakeFiles/pico-rv32ima.dir/home/codespace/raspberry-pi-pico/pico/pico-sdk/lib/tinyusb/src/tusb.c.obj
                0x0000000020010168                tu_edpt_release
 .text.tu_edpt_validate
                0x00000000200101a0       0x78 CMakeFiles/pico-rv32ima.dir/home/codespace/raspberry-pi-pico/pico/pico-sdk/lib/tinyusb/src/tusb.c.obj
                0x00000000200101a0                tu_edpt_validate
 .text.tu_edpt_bind_driver
                0x0000000020010218       0x34 CMakeFiles/pico-rv32ima.dir/home/codespace/raspberry-pi-pico/pico/pico-sdk/lib/tinyusb/src/tusb.c.obj
                0x0000000020010218                tu_edpt_bind_driver
 .text.tu_fifo_config
                0x000000002001024c       0x70 CMakeFiles/pico-rv32ima.dir/home/codespace/raspberry-pi-pico/pico/pico-sdk/lib/tinyusb/src/common/tusb_fifo.c.obj
                0x000000002001024c                tu_fifo_config
 .text.tu_fifo_count
                0x00000000200102bc       0x2c CMakeFiles/pico-rv32ima.dir/home/codespace/raspberry-pi-pico/pico/pico-sdk/lib/tinyusb/src/common/tusb_fifo.c.obj
                0x00000000200102bc                tu_fifo_count
 .text.tu_fifo_empty
                0x00000000200102e8       0x10 CMakeFiles/pico-rv32ima.dir/home/codespace/raspberry-pi-pico/pico/pico-sdk/lib/tinyusb/src/common/tusb_fifo.c.obj
                0x00000000200102e8                tu_fifo_empty
 .text.tu_fifo_remaining
                0x00000000200102f8       0x2c CMakeFiles/pico-rv32ima.dir/home/codespace/raspberry-pi-pico/pico/pico-sdk/lib/tinyusb/src/common/tusb_fifo.c.obj
                0x00000000200102f8                tu_fifo_remaining
 .text.tu_fifo_read
                0x0000000020010324       0x9c CMakeFiles/pico-rv32ima.dir/home/codespace/raspberry-pi-pico/pico/pico-sdk/lib/tinyusb/src/common/tusb_fifo.c.obj
                0x0000000020010324                tu_fifo_read
 .text.tu_fifo_read_n
                0x00000000200103c0       0xf0 CMakeFiles/pico-rv32ima.dir/home/codespace/raspberry-pi-pico/pico/pico-sdk/lib/tinyusb/src/common/tusb_fifo.c.obj
                0x00000000200103c0                tu_fifo_read_n
 .text.tu_fifo_write
                0x00000000200104b0       0x88 CMakeFiles/pico-rv32ima.dir/home/codespace/raspberry-pi-pico/pico/pico-sdk/lib/tinyusb/src/common/tusb_fifo.c.obj
                0x00000000200104b0                tu_fifo_write
 .text.tu_fifo_write_n
                0x0000000020010538      0x158 CMakeFiles/pico-rv32ima.dir/home/codespace/raspberry-pi-pico/pico/pico-sdk/lib/tinyusb/src/common/tusb_fifo.c.obj
                0x0000000020010538                tu_fifo_write_n
 .text.tu_fifo_clear
                0x0000000020010690       0x40 CMakeFiles/pico-rv32ima.dir/home/codespace/raspberry-pi-pico/pico/pico-sdk/lib/tinyusb/src/common/tusb_fifo.c.obj
                0x0000000020010690                tu_fifo_clear
 .text.tu_fifo_set_overwritable
                0x00000000200106d0       0x48 CMakeFiles/pico-rv32ima.dir/home/codespace/raspberry-pi-pico/pico/pico-sdk/lib/tinyusb/src/common/tusb_fifo.c.obj
                0x00000000200106d0                tu_fifo_set_overwritable
 .text.LCD_setPins
                0x0000000020010718       0x30 ../pico-displayDrivs/st7735/libst7735.a(st7735.c.obj)
                0x0000000020010718                LCD_setPins
 .text.LCD_setSPIperiph
                0x0000000020010748        0xc ../pico-displayDrivs/st7735/libst7735.a(st7735.c.obj)
                0x0000000020010748                LCD_setSPIperiph
 .text.initSPI  0x0000000020010754       0x90 ../pico-displayDrivs/st7735/libst7735.a(st7735.c.obj)
                0x0000000020010754                initSPI
 .text.ST7735_displayInit
                0x00000000200107e4      0x100 ../pico-displayDrivs/st7735/libst7735.a(st7735.c.obj)
                0x00000000200107e4                ST7735_displayInit
 .text.LCD_setRotation
                0x00000000200108e4      0x1ec ../pico-displayDrivs/st7735/libst7735.a(st7735.c.obj)
                0x00000000200108e4                LCD_setRotation
 .text.LCD_initDisplay
                0x0000000020010ad0      0x1c4 ../pico-displayDrivs/st7735/libst7735.a(st7735.c.obj)
                0x0000000020010ad0                LCD_initDisplay
 .text.ST7735_setAddrWindow
                0x0000000020010c94      0x134 ../pico-displayDrivs/st7735/libst7735.a(st7735.c.obj)
                0x0000000020010c94                ST7735_setAddrWindow
 .text.LCD_WriteBitmap
                0x0000000020010dc8       0x64 ../pico-displayDrivs/st7735/libst7735.a(st7735.c.obj)
                0x0000000020010dc8                LCD_WriteBitmap
 .text.LCD_WritePixel
                0x0000000020010e2c       0x60 ../pico-displayDrivs/st7735/libst7735.a(st7735.c.obj)
                0x0000000020010e2c                LCD_WritePixel
 .text.GFX_getWidth
                0x0000000020010e8c        0xc ../pico-displayDrivs/gfx/libgfx.a(gfx.c.obj)
                0x0000000020010e8c                GFX_getWidth
 .text.GFX_getHeight
                0x0000000020010e98        0xc ../pico-displayDrivs/gfx/libgfx.a(gfx.c.obj)
                0x0000000020010e98                GFX_getHeight
 .text.GFX_clearScreen
                0x0000000020010ea4      0x17c ../pico-displayDrivs/gfx/libgfx.a(gfx.c.obj)
                0x0000000020010ea4                GFX_clearScreen
 .text.GFX_drawLine
                0x0000000020011020      0x14c ../pico-displayDrivs/gfx/libgfx.a(gfx.c.obj)
                0x0000000020011020                GFX_drawLine
 .text.GFX_fillRect
                0x000000002001116c      0x188 ../pico-displayDrivs/gfx/libgfx.a(gfx.c.obj)
                0x000000002001116c                GFX_fillRect
 .text.GFX_drawChar
                0x00000000200112f4      0x59c ../pico-displayDrivs/gfx/libgfx.a(gfx.c.obj)
                0x00000000200112f4                GFX_drawChar
 .text.GFX_createFramebuf
                0x0000000020011890       0x24 ../pico-displayDrivs/gfx/libgfx.a(gfx.c.obj)
                0x0000000020011890                GFX_createFramebuf
 .text.GFX_flush
                0x00000000200118b4       0x38 ../pico-displayDrivs/gfx/libgfx.a(gfx.c.obj)
                0x00000000200118b4                GFX_flush
 .text.GFX_Update
                0x00000000200118ec       0x40 ../pico-displayDrivs/gfx/libgfx.a(gfx.c.obj)
                0x00000000200118ec                GFX_Update
 .text.GFX_scrollUp
                0x000000002001192c      0x108 ../pico-displayDrivs/gfx/libgfx.a(gfx.c.obj)
                0x000000002001192c                GFX_scrollUp
 .text.ps2_gpio_callback
                0x0000000020011a34       0xd4 ../pico-ps2Driv/libps2.a(ps2.c.obj)
                0x0000000020011a34                ps2_gpio_callback
 .text.get_iso8859_code
                0x0000000020011b08      0x158 ../pico-ps2Driv/libps2.a(ps2.c.obj)
                0x0000000020011b08                get_iso8859_code
 .text.PS2_keyAvailable
                0x0000000020011c60       0x28 ../pico-ps2Driv/libps2.a(ps2.c.obj)
                0x0000000020011c60                PS2_keyAvailable
 .text.PS2_readKey
                0x0000000020011c88       0x58 ../pico-ps2Driv/libps2.a(ps2.c.obj)
                0x0000000020011c88                PS2_readKey
 .text.PS2_init
                0x0000000020011ce0       0x34 ../pico-ps2Driv/libps2.a(ps2.c.obj)
                0x0000000020011ce0                PS2_init
 .text          0x0000000020011d14        0x4 /usr/lib/gcc/arm-none-eabi/9.2.1/thumb/v6-m/nofp/libgcc.a(_dvmd_tls.o)
                0x0000000020011d14                __aeabi_ldiv0
                0x0000000020011d14                __aeabi_idiv0
 .text          0x0000000020011d18       0x18 /usr/lib/gcc/arm-none-eabi/9.2.1/../../../arm-none-eabi/lib/thumb/v6-m/nofp/libc.a(lib_a-atoi.o)
                0x0000000020011d18                atoi
                0x0000000020011d24                _atoi_r
 .text          0x0000000020011d30       0x18 /usr/lib/gcc/arm-none-eabi/9.2.1/../../../arm-none-eabi/lib/thumb/v6-m/nofp/libc.a(lib_a-calloc.o)
                0x0000000020011d30                calloc
 .text          0x0000000020011d48       0x5c /usr/lib/gcc/arm-none-eabi/9.2.1/../../../arm-none-eabi/lib/thumb/v6-m/nofp/libc.a(lib_a-callocr.o)
                0x0000000020011d48                _calloc_r
 .text          0x0000000020011da4        0xc /usr/lib/gcc/arm-none-eabi/9.2.1/../../../arm-none-eabi/lib/thumb/v6-m/nofp/libc.a(lib_a-errno.o)
                0x0000000020011da4                __errno
 .text          0x0000000020011db0       0x28 /usr/lib/gcc/arm-none-eabi/9.2.1/../../../arm-none-eabi/lib/thumb/v6-m/nofp/libc.a(lib_a-malloc.o)
                0x0000000020011db0                malloc
                0x0000000020011dc4                free
 .text          0x0000000020011dd8      0x58c /usr/lib/gcc/arm-none-eabi/9.2.1/../../../arm-none-eabi/lib/thumb/v6-m/nofp/libc.a(lib_a-mallocr.o)
                0x0000000020011dd8                _malloc_r
 .text          0x0000000020012364       0x50 /usr/lib/gcc/arm-none-eabi/9.2.1/../../../arm-none-eabi/lib/thumb/v6-m/nofp/libc.a(lib_a-memcmp.o)
                0x0000000020012364                memcmp
 .text          0x00000000200123b4        0x8 /usr/lib/gcc/arm-none-eabi/9.2.1/../../../arm-none-eabi/lib/thumb/v6-m/nofp/libc.a(lib_a-mlock.o)
                0x00000000200123b4                __malloc_lock
                0x00000000200123b8                __malloc_unlock
 .text          0x00000000200123bc      0x35c /usr/lib/gcc/arm-none-eabi/9.2.1/../../../arm-none-eabi/lib/thumb/v6-m/nofp/libc.a(lib_a-reallocr.o)
                0x00000000200123bc                _realloc_r
 .text          0x0000000020012718       0x24 /usr/lib/gcc/arm-none-eabi/9.2.1/../../../arm-none-eabi/lib/thumb/v6-m/nofp/libc.a(lib_a-sbrkr.o)
                0x0000000020012718                _sbrk_r
 .text          0x000000002001273c       0xd4 /usr/lib/gcc/arm-none-eabi/9.2.1/../../../arm-none-eabi/lib/thumb/v6-m/nofp/libc.a(lib_a-strchr.o)
                0x000000002001273c                strchr
 .text          0x0000000020012810       0x68 /usr/lib/gcc/arm-none-eabi/9.2.1/../../../arm-none-eabi/lib/thumb/v6-m/nofp/libc.a(lib_a-strlen-stub.o)
                0x0000000020012810                strlen
 .text          0x0000000020012878       0x14 /usr/lib/gcc/arm-none-eabi/9.2.1/../../../arm-none-eabi/lib/thumb/v6-m/nofp/libc.a(lib_a-strtok.o)
                0x0000000020012878                strtok
 .text          0x000000002001288c       0x78 /usr/lib/gcc/arm-none-eabi/9.2.1/../../../arm-none-eabi/lib/thumb/v6-m/nofp/libc.a(lib_a-strtok_r.o)
                0x000000002001288c                __strtok_r
                0x00000000200128f8                strtok_r
 .text          0x0000000020012904      0x184 /usr/lib/gcc/arm-none-eabi/9.2.1/../../../arm-none-eabi/lib/thumb/v6-m/nofp/libc.a(lib_a-strtol.o)
                0x0000000020012a50                _strtol_r
                0x0000000020012a58                strtol_l
                0x0000000020012a70                strtol
 .text          0x0000000020012a88       0x44 /usr/lib/gcc/arm-none-eabi/9.2.1/../../../arm-none-eabi/lib/thumb/v6-m/nofp/libc.a(lib_a-vsprintf.o)
                0x0000000020012a88                _vsprintf_r
                0x0000000020012ab4                vsprintf
 .text          0x0000000020012acc      0x27c /usr/lib/gcc/arm-none-eabi/9.2.1/../../../arm-none-eabi/lib/thumb/v6-m/nofp/libc.a(lib_a-freer.o)
                0x0000000020012acc                _malloc_trim_r
                0x0000000020012b6c                _free_r
 .text          0x0000000020012d48       0xbc /usr/lib/gcc/arm-none-eabi/9.2.1/../../../arm-none-eabi/lib/thumb/v6-m/nofp/libc.a(lib_a-memmove.o)
                0x0000000020012d48                memmove
 .text          0x0000000020012e04     0x1568 /usr/lib/gcc/arm-none-eabi/9.2.1/../../../arm-none-eabi/lib/thumb/v6-m/nofp/libc.a(lib_a-svfprintf.o)
                0x0000000020012e04                _svfprintf_r
 .text          0x000000002001436c     0x1128 /usr/lib/gcc/arm-none-eabi/9.2.1/../../../arm-none-eabi/lib/thumb/v6-m/nofp/libc.a(lib_a-dtoa.o)
                0x00000000200144c0                _dtoa_r
 .text          0x0000000020015494       0x14 /usr/lib/gcc/arm-none-eabi/9.2.1/../../../arm-none-eabi/lib/thumb/v6-m/nofp/libc.a(lib_a-localeconv.o)
                0x0000000020015494                __localeconv_l
                0x0000000020015498                _localeconv_r
                0x00000000200154a0                localeconv
 .text          0x00000000200154a8       0x44 /usr/lib/gcc/arm-none-eabi/9.2.1/../../../arm-none-eabi/lib/thumb/v6-m/nofp/libc.a(lib_a-mbtowc_r.o)
                0x00000000200154a8                _mbtowc_r
                0x00000000200154c0                __ascii_mbtowc
 .text          0x00000000200154ec       0x80 /usr/lib/gcc/arm-none-eabi/9.2.1/../../../arm-none-eabi/lib/thumb/v6-m/nofp/libc.a(lib_a-memchr-stub.o)
                0x00000000200154ec                memchr
 .text          0x000000002001556c      0xa38 /usr/lib/gcc/arm-none-eabi/9.2.1/../../../arm-none-eabi/lib/thumb/v6-m/nofp/libc.a(lib_a-mprec.o)
                0x000000002001556c                _Balloc
                0x00000000200155bc                _Bfree
                0x00000000200155d0                __multadd
                0x0000000020015680                __s2b
                0x000000002001572c                __hi0bits
                0x0000000020015764                __lo0bits
                0x00000000200157c0                __i2b
                0x00000000200157ec                __multiply
                0x0000000020015978                __pow5mult
                0x0000000020015a2c                __lshift
                0x0000000020015b10                __mcmp
                0x0000000020015b44                __mdiff
                0x0000000020015c8c                __ulp
                0x0000000020015cd4                __b2d
                0x0000000020015d8c                __d2b
                0x0000000020015e64                __ratio
                0x0000000020015ed8                _mprec_log10
                0x0000000020015f0c                __copybits
                0x0000000020015f4c                __any_on
 .text          0x0000000020015fa4      0xb7c /usr/lib/gcc/arm-none-eabi/9.2.1/../../../arm-none-eabi/lib/thumb/v6-m/nofp/libc.a(lib_a-svfiprintf.o)
                0x0000000020015fa4                __ssprint_r
                0x00000000200160b8                _svfiprintf_r
 .text          0x0000000020016b20       0x2c /usr/lib/gcc/arm-none-eabi/9.2.1/../../../arm-none-eabi/lib/thumb/v6-m/nofp/libc.a(lib_a-wctomb_r.o)
                0x0000000020016b20                _wctomb_r
                0x0000000020016b30                __ascii_wctomb
 *(.fini)
 .fini          0x0000000020016b4c        0x4 /usr/lib/gcc/arm-none-eabi/9.2.1/thumb/v6-m/nofp/crti.o
                0x0000000020016b4c                _fini
 *crtbegin.o(.ctors)
 *crtbegin?.o(.ctors)
 *(EXCLUDE_FILE(*crtend.o *crtend?.o) .ctors)
 *(SORT_BY_NAME(.ctors.*))
 *(.ctors)
 *crtbegin.o(.dtors)
 *crtbegin?.o(.dtors)
 *(EXCLUDE_FILE(*crtend.o *crtend?.o) .dtors)
 *(SORT_BY_NAME(.dtors.*))
 *(.dtors)
 *(.eh_frame*)
 .eh_frame      0x0000000020016b50        0x0 /usr/lib/gcc/arm-none-eabi/9.2.1/thumb/v6-m/nofp/crtbegin.o
                0x0000000020016b50                . = ALIGN (0x4)
                0x0000000020016b50                __ram_text_end__ = .
                0x00000000100002fc                __ram_text_source__ = LOADADDR (.text)

.glue_7         0x0000000020016b50        0x0 load address 0x0000000010016d8c
 .glue_7        0x0000000020016b50        0x0 linker stubs

.glue_7t        0x0000000020016b50        0x0 load address 0x0000000010016d8c
 .glue_7t       0x0000000020016b50        0x0 linker stubs

.vfp11_veneer   0x0000000020016b50        0x0 load address 0x0000000010016d8c
 .vfp11_veneer  0x0000000020016b50        0x0 linker stubs

.v4_bx          0x0000000020016b50        0x0 load address 0x0000000010016d8c
 .v4_bx         0x0000000020016b50        0x0 linker stubs

.iplt           0x0000000020016b50        0x0 load address 0x0000000010016d8c
 .iplt          0x0000000020016b50        0x0 /usr/lib/gcc/arm-none-eabi/9.2.1/thumb/v6-m/nofp/crtbegin.o

.rel.dyn        0x0000000020016b50        0x0 load address 0x0000000010016d8c
 .rel.iplt      0x0000000020016b50        0x0 /usr/lib/gcc/arm-none-eabi/9.2.1/thumb/v6-m/nofp/crtbegin.o

.data           0x0000000020016b50     0x4804 load address 0x0000000010016d8c
                0x0000000020016b50                __data_start__ = .
 *(vtable)
 *(.time_critical*)
 .time_critical.sem_acquire_timeout_ms
                0x0000000020016b50       0x80 CMakeFiles/pico-rv32ima.dir/home/codespace/raspberry-pi-pico/pico/pico-sdk/src/common/pico_sync/sem.c.obj
                0x0000000020016b50                sem_acquire_timeout_ms
 .time_critical.sem_release
                0x0000000020016bd0       0x4c CMakeFiles/pico-rv32ima.dir/home/codespace/raspberry-pi-pico/pico/pico-sdk/src/common/pico_sync/sem.c.obj
                0x0000000020016bd0                sem_release
 .time_critical.mutex_enter_blocking
                0x0000000020016c1c       0x48 CMakeFiles/pico-rv32ima.dir/home/codespace/raspberry-pi-pico/pico/pico-sdk/src/common/pico_sync/mutex.c.obj
                0x0000000020016c1c                mutex_enter_blocking
 .time_critical.mutex_try_enter_block_until
                0x0000000020016c64       0xb0 CMakeFiles/pico-rv32ima.dir/home/codespace/raspberry-pi-pico/pico/pico-sdk/src/common/pico_sync/mutex.c.obj
                0x0000000020016c64                mutex_try_enter_block_until
 .time_critical.mutex_enter_timeout_ms
                0x0000000020016d14       0x90 CMakeFiles/pico-rv32ima.dir/home/codespace/raspberry-pi-pico/pico/pico-sdk/src/common/pico_sync/mutex.c.obj
                0x0000000020016d14                mutex_enter_timeout_ms
 .time_critical.mutex_exit
                0x0000000020016da4       0x28 CMakeFiles/pico-rv32ima.dir/home/codespace/raspberry-pi-pico/pico/pico-sdk/src/common/pico_sync/mutex.c.obj
                0x0000000020016da4                mutex_exit
 .time_critical.spi_transfer
                0x0000000020016dcc      0x150 CMakeFiles/pico-rv32ima.dir/__/no-OS-FatFS-SD-SPI-RPi-Pico/src/sd_driver/SPI/spi.c.obj
                0x0000000020016dcc                spi_transfer
 .time_critical.spi_write_blocking
                0x0000000020016f1c       0x4c CMakeFiles/pico-rv32ima.dir/home/codespace/raspberry-pi-pico/pico/pico-sdk/src/rp2_common/hardware_spi/spi.c.obj
                0x0000000020016f1c                spi_write_blocking
 .time_critical.spi_write16_blocking
                0x0000000020016f68       0x50 CMakeFiles/pico-rv32ima.dir/home/codespace/raspberry-pi-pico/pico/pico-sdk/src/rp2_common/hardware_spi/spi.c.obj
                0x0000000020016f68                spi_write16_blocking
 .time_critical.reset_non_control_endpoints
                0x0000000020016fb8       0xbc CMakeFiles/pico-rv32ima.dir/home/codespace/raspberry-pi-pico/pico/pico-sdk/lib/tinyusb/src/portable/raspberrypi/rp2040/dcd_rp2040.c.obj
 .time_critical.hw_handle_buff_status
                0x0000000020017074       0xb4 CMakeFiles/pico-rv32ima.dir/home/codespace/raspberry-pi-pico/pico/pico-sdk/lib/tinyusb/src/portable/raspberrypi/rp2040/dcd_rp2040.c.obj
 .time_critical.dcd_rp2040_irq
                0x0000000020017128      0x4f4 CMakeFiles/pico-rv32ima.dir/home/codespace/raspberry-pi-pico/pico/pico-sdk/lib/tinyusb/src/portable/raspberrypi/rp2040/dcd_rp2040.c.obj
 .time_critical.prepare_ep_buffer